2026/03/01 11:03:56 [error] 28#28: *674 open() "/usr/share/nginx/html/asd67.php" failed (2: No such file or directory), client: 20.151.2.242, server: nvlink.vip, request: "GET /asd67.php HTTP/1.1", host: "nvlink.vip"
2026/03/01 11:03:56 [error] 28#28: *674 open() "/usr/share/nginx/html/zr.php" failed (2: No such file or directory), client: 20.151.2.242, server: nvlink.vip, request: "GET /zr.php HTTP/1.1", host: "nvlink.vip"
2026/03/01 11:03:56 [error] 28#28: *681 open() "/usr/share/nginx/html/admin/controllers/merchant.js" failed (2: No such file or directory), client: 195.178.110.109, server: nvlink.vip, request: "GET /admin/controllers/merchant.js HTTP/1.1", host: "nvlink.vip"
2026/03/01 11:03:57 [error] 28#28: *674 open() "/usr/share/nginx/html/aa.php" failed (2: No such file or directory), client: 20.151.2.242, server: nvlink.vip, request: "GET /aa.php HTTP/1.1", host: "nvlink.vip"
2026/03/01 11:03:57 [error] 28#28: *681 open() "/usr/share/nginx/html/admin/controllers/partner.js" failed (2: No such file or directory), client: 195.178.110.109, server: nvlink.vip, request: "GET /admin/controllers/partner.js HTTP/1.1", host: "nvlink.vip"
2026/03/01 11:03:57 [error] 28#28: *674 open() "/usr/share/nginx/html/1a.php" failed (2: No such file or directory), client: 20.151.2.242, server: nvlink.vip, request: "GET /1a.php HTTP/1.1", host: "nvlink.vip"
2026/03/01 11:03:57 [error] 28#28: *681 open() "/usr/share/nginx/html/api/config.js" failed (2: No such file or directory), client: 195.178.110.109, server: nvlink.vip, request: "GET /api/config.js HTTP/1.1", host: "nvlink.vip"
2026/03/01 11:03:57 [error] 28#28: *674 open() "/usr/share/nginx/html/moshou.php" failed (2: No such file or directory), client: 20.151.2.242, server: nvlink.vip, request: "GET /moshou.php HTTP/1.1", host: "nvlink.vip"
2026/03/01 11:03:57 [error] 28#28: *681 open() "/usr/share/nginx/html/api/objects/codes.php.save" failed (2: No such file or directory), client: 195.178.110.109, server: nvlink.vip, request: "GET /api/objects/codes.php.save HTTP/1.1", host: "nvlink.vip"
2026/03/01 11:03:58 [error] 28#28: *681 open() "/usr/share/nginx/html/apis/config/config.js" failed (2: No such file or directory), client: 195.178.110.109, server: nvlink.vip, request: "GET /apis/config/config.js HTTP/1.1", host: "nvlink.vip"
2026/03/01 11:03:58 [error] 28#28: *674 open() "/usr/share/nginx/html/leu.php" failed (2: No such file or directory), client: 20.151.2.242, server: nvlink.vip, request: "GET /leu.php HTTP/1.1", host: "nvlink.vip"
2026/03/01 11:03:58 [error] 28#28: *681 open() "/usr/share/nginx/html/apis/controllers/users.js" failed (2: No such file or directory), client: 195.178.110.109, server: nvlink.vip, request: "GET /apis/controllers/users.js HTTP/1.1", host: "nvlink.vip"
2026/03/01 11:03:58 [error] 28#28: *674 open() "/usr/share/nginx/html/mh.php" failed (2: No such file or directory), client: 20.151.2.242, server: nvlink.vip, request: "GET /mh.php HTTP/1.1", host: "nvlink.vip"
2026/03/01 11:03:58 [error] 28#28: *681 open() "/usr/share/nginx/html/app.js" failed (2: No such file or directory), client: 195.178.110.109, server: nvlink.vip, request: "GET /app.js HTTP/1.1", host: "nvlink.vip"
2026/03/01 11:03:58 [error] 28#28: *674 open() "/usr/share/nginx/html/f35.php" failed (2: No such file or directory), client: 20.151.2.242, server: nvlink.vip, request: "GET /f35.php HTTP/1.1", host: "nvlink.vip"
2026/03/01 11:03:58 [error] 28#28: *681 open() "/usr/share/nginx/html/backend/config/development.yml" failed (2: No such file or directory), client: 195.178.110.109, server: nvlink.vip, request: "GET /backend/config/development.yml HTTP/1.1", host: "nvlink.vip"
2026/03/01 11:03:59 [error] 28#28: *681 open() "/usr/share/nginx/html/cloud/Scraper.js" failed (2: No such file or directory), client: 195.178.110.109, server: nvlink.vip, request: "GET /cloud/Scraper.js HTTP/1.1", host: "nvlink.vip"
2026/03/01 11:03:59 [error] 28#28: *674 open() "/usr/share/nginx/html/mon.php" failed (2: No such file or directory), client: 20.151.2.242, server: nvlink.vip, request: "GET /mon.php HTTP/1.1", host: "nvlink.vip"
2026/03/01 11:03:59 [error] 28#28: *681 open() "/usr/share/nginx/html/config/application.yml" failed (2: No such file or directory), client: 195.178.110.109, server: nvlink.vip, request: "GET /config/application.yml HTTP/1.1", host: "nvlink.vip"
2026/03/01 11:03:59 [error] 28#28: *674 open() "/usr/share/nginx/html/yas.php" failed (2: No such file or directory), client: 20.151.2.242, server: nvlink.vip, request: "GET /yas.php HTTP/1.1", host: "nvlink.vip"
2026/03/01 11:04:00 [error] 28#28: *682 open() "/usr/share/nginx/html/config/storage.yml" failed (2: No such file or directory), client: 195.178.110.109, server: nvlink.vip, request: "GET /config/storage.yml HTTP/1.1", host: "nvlink.vip"
2026/03/01 11:04:00 [error] 28#28: *674 open() "/usr/share/nginx/html/bolt.php" failed (2: No such file or directory), client: 20.151.2.242, server: nvlink.vip, request: "GET /bolt.php HTTP/1.1", host: "nvlink.vip"
2026/03/01 11:04:00 [error] 28#28: *674 open() "/usr/share/nginx/html/0x.php" failed (2: No such file or directory), client: 20.151.2.242, server: nvlink.vip, request: "GET /0x.php HTTP/1.1", host: "nvlink.vip"
2026/03/01 11:04:01 [error] 28#28: *683 open() "/usr/share/nginx/html/configs/routes-4aug.js" failed (2: No such file or directory), client: 195.178.110.109, server: nvlink.vip, request: "GET /configs/routes-4aug.js HTTP/1.1", host: "nvlink.vip"
2026/03/01 11:04:01 [error] 28#28: *674 open() "/usr/share/nginx/html/41.php" failed (2: No such file or directory), client: 20.151.2.242, server: nvlink.vip, request: "GET /41.php HTTP/1.1", host: "nvlink.vip"
2026/03/01 11:04:01 [error] 28#28: *683 open() "/usr/share/nginx/html/configs/routes.js" failed (2: No such file or directory), client: 195.178.110.109, server: nvlink.vip, request: "GET /configs/routes.js HTTP/1.1", host: "nvlink.vip"
2026/03/01 11:04:01 [error] 28#28: *674 open() "/usr/share/nginx/html/erty.php" failed (2: No such file or directory), client: 20.151.2.242, server: nvlink.vip, request: "GET /erty.php HTTP/1.1", host: "nvlink.vip"
2026/03/01 11:04:01 [error] 28#28: *683 open() "/usr/share/nginx/html/configs/s3_config.json" failed (2: No such file or directory), client: 195.178.110.109, server: nvlink.vip, request: "GET /configs/s3_config.json HTTP/1.1", host: "nvlink.vip"
2026/03/01 11:04:01 [error] 28#28: *674 open() "/usr/share/nginx/html/v3.php" failed (2: No such file or directory), client: 20.151.2.242, server: nvlink.vip, request: "GET /v3.php HTTP/1.1", host: "nvlink.vip"
2026/03/01 11:04:02 [error] 28#28: *683 open() "/usr/share/nginx/html/controller/admin/post.js" failed (2: No such file or directory), client: 195.178.110.109, server: nvlink.vip, request: "GET /controller/admin/post.js HTTP/1.1", host: "nvlink.vip"
2026/03/01 11:04:02 [error] 28#28: *674 open() "/usr/share/nginx/html/w3llstore.php" failed (2: No such file or directory), client: 20.151.2.242, server: nvlink.vip, request: "GET /w3llstore.php HTTP/1.1", host: "nvlink.vip"
2026/03/01 11:04:02 [error] 28#28: *683 open() "/usr/share/nginx/html/controller/api/post.js" failed (2: No such file or directory), client: 195.178.110.109, server: nvlink.vip, request: "GET /controller/api/post.js HTTP/1.1", host: "nvlink.vip"
2026/03/01 11:04:02 [error] 28#28: *674 open() "/usr/share/nginx/html/erty.php" failed (2: No such file or directory), client: 20.151.2.242, server: nvlink.vip, request: "GET //erty.php HTTP/1.1", host: "nvlink.vip"
2026/03/01 11:04:02 [error] 28#28: *683 open() "/usr/share/nginx/html/controllers/settings.js" failed (2: No such file or directory), client: 195.178.110.109, server: nvlink.vip, request: "GET /controllers/settings.js HTTP/1.1", host: "nvlink.vip"
2026/03/01 11:04:02 [error] 28#28: *683 open() "/usr/share/nginx/html/getcpuutil.php-bakworking" failed (2: No such file or directory), client: 195.178.110.109, server: nvlink.vip, request: "GET /getcpuutil.php-bakworking HTTP/1.1", host: "nvlink.vip"
2026/03/01 11:04:02 [error] 28#28: *674 open() "/usr/share/nginx/html/10.php" failed (2: No such file or directory), client: 20.151.2.242, server: nvlink.vip, request: "GET /10.php HTTP/1.1", host: "nvlink.vip"
2026/03/01 11:04:03 [error] 28#28: *683 open() "/usr/share/nginx/html/helper.js" failed (2: No such file or directory), client: 195.178.110.109, server: nvlink.vip, request: "GET /helper.js HTTP/1.1", host: "nvlink.vip"
2026/03/01 11:04:03 [error] 28#28: *674 open() "/usr/share/nginx/html/v2.php" failed (2: No such file or directory), client: 20.151.2.242, server: nvlink.vip, request: "GET /v2.php HTTP/1.1", host: "nvlink.vip"
2026/03/01 11:04:03 [error] 28#28: *683 open() "/usr/share/nginx/html/helper/EmailHelper.js" failed (2: No such file or directory), client: 195.178.110.109, server: nvlink.vip, request: "GET /helper/EmailHelper.js HTTP/1.1", host: "nvlink.vip"
2026/03/01 11:04:03 [error] 28#28: *674 open() "/usr/share/nginx/html/kaduu.php" failed (2: No such file or directory), client: 20.151.2.242, server: nvlink.vip, request: "GET /kaduu.php HTTP/1.1", host: "nvlink.vip"
2026/03/01 11:04:03 [error] 28#28: *683 open() "/usr/share/nginx/html/index.js" failed (2: No such file or directory), client: 195.178.110.109, server: nvlink.vip, request: "GET /index.js HTTP/1.1", host: "nvlink.vip"
2026/03/01 11:04:03 [error] 28#28: *674 open() "/usr/share/nginx/html/wp-rdf.php" failed (2: No such file or directory), client: 20.151.2.242, server: nvlink.vip, request: "GET /wp-rdf.php HTTP/1.1", host: "nvlink.vip"
2026/03/01 11:04:04 [error] 28#28: *674 open() "/usr/share/nginx/html/wp-content/fot.php" failed (2: No such file or directory), client: 20.151.2.242, server: nvlink.vip, request: "GET /wp-content/fot.php HTTP/1.1", host: "nvlink.vip"
2026/03/01 11:04:04 [error] 28#28: *674 open() "/usr/share/nginx/html/yaiid.php" failed (2: No such file or directory), client: 20.151.2.242, server: nvlink.vip, request: "GET /yaiid.php HTTP/1.1", host: "nvlink.vip"
2026/03/01 11:04:04 [error] 28#28: *683 open() "/usr/share/nginx/html/my_env/chakaash.py" failed (2: No such file or directory), client: 195.178.110.109, server: nvlink.vip, request: "GET /my_env/chakaash.py HTTP/1.1", host: "nvlink.vip"
2026/03/01 11:04:04 [error] 28#28: *674 open() "/usr/share/nginx/html/ww.php" failed (2: No such file or directory), client: 20.151.2.242, server: nvlink.vip, request: "GET /ww.php HTTP/1.1", host: "nvlink.vip"
2026/03/01 11:04:05 [error] 28#28: *683 open() "/usr/share/nginx/html/my_env/newsletter.py" failed (2: No such file or directory), client: 195.178.110.109, server: nvlink.vip, request: "GET /my_env/newsletter.py HTTP/1.1", host: "nvlink.vip"
2026/03/01 11:04:05 [error] 28#28: *674 open() "/usr/share/nginx/html/x12.php" failed (2: No such file or directory), client: 20.151.2.242, server: nvlink.vip, request: "GET /x12.php HTTP/1.1", host: "nvlink.vip"
2026/03/01 11:04:05 [error] 28#28: *683 open() "/usr/share/nginx/html/my_env/palash.py" failed (2: No such file or directory), client: 195.178.110.109, server: nvlink.vip, request: "GET /my_env/palash.py HTTP/1.1", host: "nvlink.vip"
2026/03/01 11:04:05 [error] 28#28: *674 open() "/usr/share/nginx/html/fz.php" failed (2: No such file or directory), client: 20.151.2.242, server: nvlink.vip, request: "GET /fz.php HTTP/1.1", host: "nvlink.vip"
2026/03/01 11:04:05 [error] 28#28: *683 open() "/usr/share/nginx/html/mytest/astech_robot.js" failed (2: No such file or directory), client: 195.178.110.109, server: nvlink.vip, request: "GET /mytest/astech_robot.js HTTP/1.1", host: "nvlink.vip"
2026/03/01 11:04:05 [error] 28#28: *683 open() "/usr/share/nginx/html/partner/config/config.js" failed (2: No such file or directory), client: 195.178.110.109, server: nvlink.vip, request: "GET /partner/config/config.js HTTP/1.1", host: "nvlink.vip"
2026/03/01 11:04:06 [error] 28#28: *674 open() "/usr/share/nginx/html/Jcrop.php" failed (2: No such file or directory), client: 20.151.2.242, server: nvlink.vip, request: "GET /Jcrop.php HTTP/1.1", host: "nvlink.vip"
2026/03/01 11:04:06 [error] 28#28: *683 open() "/usr/share/nginx/html/config/settings.json" failed (2: No such file or directory), client: 195.178.110.109, server: nvlink.vip, request: "GET /config/settings.json HTTP/1.1", host: "nvlink.vip"
2026/03/01 11:04:06 [error] 28#28: *674 open() "/usr/share/nginx/html/8o82nc.php" failed (2: No such file or directory), client: 20.151.2.242, server: nvlink.vip, request: "GET /8o82nc.php HTTP/1.1", host: "nvlink.vip"
2026/03/01 11:04:06 [error] 28#28: *674 open() "/usr/share/nginx/html/byp8.php" failed (2: No such file or directory), client: 20.151.2.242, server: nvlink.vip, request: "GET /byp8.php HTTP/1.1", host: "nvlink.vip"
2026/03/01 11:04:07 [error] 28#28: *674 open() "/usr/share/nginx/html/opotv.php" failed (2: No such file or directory), client: 20.151.2.242, server: nvlink.vip, request: "GET /opotv.php HTTP/1.1", host: "nvlink.vip"
2026/03/01 11:04:07 [error] 28#28: *684 open() "/usr/share/nginx/html/config/settings.local" failed (2: No such file or directory), client: 195.178.110.109, server: nvlink.vip, request: "GET /config/settings.local HTTP/1.1", host: "nvlink.vip"
2026/03/01 11:04:07 [error] 28#28: *684 open() "/usr/share/nginx/html/.circleci/configs/development.yml" failed (2: No such file or directory), client: 195.178.110.109, server: nvlink.vip, request: "GET /.circleci/configs/development.yml HTTP/1.1", host: "nvlink.vip"
2026/03/01 11:04:07 [error] 28#28: *674 open() "/usr/share/nginx/html/pu9.php" failed (2: No such file or directory), client: 20.151.2.242, server: nvlink.vip, request: "GET /pu9.php HTTP/1.1", host: "nvlink.vip"
2026/03/01 11:04:08 [error] 28#28: *674 open() "/usr/share/nginx/html/qoepq.php" failed (2: No such file or directory), client: 20.151.2.242, server: nvlink.vip, request: "GET /qoepq.php HTTP/1.1", host: "nvlink.vip"
2026/03/01 11:04:08 [error] 28#28: *674 open() "/usr/share/nginx/html/fodds.php" failed (2: No such file or directory), client: 20.151.2.242, server: nvlink.vip, request: "GET /fodds.php HTTP/1.1", host: "nvlink.vip"
2026/03/01 11:04:08 [error] 28#28: *685 open() "/usr/share/nginx/html/config/settings.prod" failed (2: No such file or directory), client: 195.178.110.109, server: nvlink.vip, request: "GET /config/settings.prod HTTP/1.1", host: "nvlink.vip"
2026/03/01 11:04:08 [error] 28#28: *674 open() "/usr/share/nginx/html/gaigu.php" failed (2: No such file or directory), client: 20.151.2.242, server: nvlink.vip, request: "GET /gaigu.php HTTP/1.1", host: "nvlink.vip"
2026/03/01 11:04:08 [error] 28#28: *685 open() "/usr/share/nginx/html/app/config/parameters.yml" failed (2: No such file or directory), client: 195.178.110.109, server: nvlink.vip, request: "GET /app/config/parameters.yml HTTP/1.1", host: "nvlink.vip"
2026/03/01 11:04:09 [error] 28#28: *685 open() "/usr/share/nginx/html/config/parameters.yml" failed (2: No such file or directory), client: 195.178.110.109, server: nvlink.vip, request: "GET /config/parameters.yml HTTP/1.1", host: "nvlink.vip"
2026/03/01 11:04:09 [error] 28#28: *674 open() "/usr/share/nginx/html/ad2.php" failed (2: No such file or directory), client: 20.151.2.242, server: nvlink.vip, request: "GET /ad2.php HTTP/1.1", host: "nvlink.vip"
2026/03/01 11:04:09 [error] 28#28: *674 open() "/usr/share/nginx/html/sad8rd1.php" failed (2: No such file or directory), client: 20.151.2.242, server: nvlink.vip, request: "GET /sad8rd1.php HTTP/1.1", host: "nvlink.vip"
2026/03/01 11:04:09 [error] 28#28: *674 open() "/usr/share/nginx/html/wp-admin/network/user-new.php" failed (2: No such file or directory), client: 20.151.2.242, server: nvlink.vip, request: "GET /wp-admin/network/user-new.php HTTP/1.1", host: "nvlink.vip"
2026/03/01 11:04:10 [error] 28#28: *674 open() "/usr/share/nginx/html/asix.php" failed (2: No such file or directory), client: 20.151.2.242, server: nvlink.vip, request: "GET /asix.php HTTP/1.1", host: "nvlink.vip"
2026/03/01 11:04:10 [error] 28#28: *674 open() "/usr/share/nginx/html/gems.php" failed (2: No such file or directory), client: 20.151.2.242, server: nvlink.vip, request: "GET /gems.php HTTP/1.1", host: "nvlink.vip"
2026/03/01 11:04:10 [error] 28#28: *674 open() "/usr/share/nginx/html/xxd.php" failed (2: No such file or directory), client: 20.151.2.242, server: nvlink.vip, request: "GET /xxd.php HTTP/1.1", host: "nvlink.vip"
2026/03/01 11:04:11 [error] 28#28: *674 open() "/usr/share/nginx/html/2sx.php" failed (2: No such file or directory), client: 20.151.2.242, server: nvlink.vip, request: "GET /2sx.php HTTP/1.1", host: "nvlink.vip"
2026/03/01 11:04:11 [error] 28#28: *674 open() "/usr/share/nginx/html/aaq.php" failed (2: No such file or directory), client: 20.151.2.242, server: nvlink.vip, request: "GET /aaq.php HTTP/1.1", host: "nvlink.vip"
2026/03/01 11:04:11 [error] 28#28: *674 open() "/usr/share/nginx/html/000.php" failed (2: No such file or directory), client: 20.151.2.242, server: nvlink.vip, request: "GET /000.php HTTP/1.1", host: "nvlink.vip"
2026/03/01 11:04:12 [error] 28#28: *674 open() "/usr/share/nginx/html/acp.php" failed (2: No such file or directory), client: 20.151.2.242, server: nvlink.vip, request: "GET /acp.php HTTP/1.1", host: "nvlink.vip"
2026/03/01 11:04:14 [error] 28#28: *674 open() "/usr/share/nginx/html/cwclass.php" failed (2: No such file or directory), client: 20.151.2.242, server: nvlink.vip, request: "GET /cwclass.php HTTP/1.1", host: "nvlink.vip"
2026/03/01 11:04:14 [error] 28#28: *674 open() "/usr/share/nginx/html/a6s2.php" failed (2: No such file or directory), client: 20.151.2.242, server: nvlink.vip, request: "GET /a6s2.php HTTP/1.1", host: "nvlink.vip"
2026/03/01 11:04:14 [error] 29#29: *686 open() "/usr/share/nginx/html/user/config/config.js" failed (2: No such file or directory), client: 195.178.110.109, server: nvlink.vip, request: "GET /user/config/config.js HTTP/1.1", host: "nvlink.vip"
2026/03/01 11:04:15 [error] 28#28: *674 open() "/usr/share/nginx/html/aki.php" failed (2: No such file or directory), client: 20.151.2.242, server: nvlink.vip, request: "GET /aki.php HTTP/1.1", host: "nvlink.vip"
2026/03/01 11:04:15 [error] 29#29: *686 open() "/usr/share/nginx/html/user/controllers/index.js" failed (2: No such file or directory), client: 195.178.110.109, server: nvlink.vip, request: "GET /user/controllers/index.js HTTP/1.1", host: "nvlink.vip"
2026/03/01 11:04:15 [error] 29#29: *686 open() "/usr/share/nginx/html/.AWS_/credentials" failed (2: No such file or directory), client: 195.178.110.109, server: nvlink.vip, request: "GET /.AWS_/credentials HTTP/1.1", host: "nvlink.vip"
2026/03/01 11:04:15 [error] 29#29: *686 open() "/usr/share/nginx/html/config/local.yml" failed (2: No such file or directory), client: 195.178.110.109, server: nvlink.vip, request: "GET /config/local.yml HTTP/1.1", host: "nvlink.vip"
2026/03/01 11:04:16 [error] 29#29: *686 open() "/usr/share/nginx/html/backend/config/settings.yml" failed (2: No such file or directory), client: 195.178.110.109, server: nvlink.vip, request: "GET /backend/config/settings.yml HTTP/1.1", host: "nvlink.vip"
2026/03/01 11:04:16 [error] 28#28: *674 open() "/usr/share/nginx/html/R57.php" failed (2: No such file or directory), client: 20.151.2.242, server: nvlink.vip, request: "GET /R57.php HTTP/1.1", host: "nvlink.vip"
2026/03/01 11:04:16 [error] 28#28: *674 open() "/usr/share/nginx/html/pepe.php" failed (2: No such file or directory), client: 20.151.2.242, server: nvlink.vip, request: "GET /pepe.php HTTP/1.1", host: "nvlink.vip"
2026/03/01 11:04:16 [error] 29#29: *687 open() "/usr/share/nginx/html/api/config/config.yml" failed (2: No such file or directory), client: 195.178.110.109, server: nvlink.vip, request: "GET /api/config/config.yml HTTP/1.1", host: "nvlink.vip"
2026/03/01 11:04:17 [error] 29#29: *687 open() "/usr/share/nginx/html/admin/config" failed (2: No such file or directory), client: 195.178.110.109, server: nvlink.vip, request: "GET /admin/config HTTP/1.1", host: "nvlink.vip"
2026/03/01 11:04:17 [error] 29#29: *687 open() "/usr/share/nginx/html/.travis.yml" failed (2: No such file or directory), client: 195.178.110.109, server: nvlink.vip, request: "GET /.travis.yml HTTP/1.1", host: "nvlink.vip"
2026/03/01 11:04:17 [error] 28#28: *674 open() "/usr/share/nginx/html/new4.php" failed (2: No such file or directory), client: 20.151.2.242, server: nvlink.vip, request: "GET /new4.php HTTP/1.1", host: "nvlink.vip"
2026/03/01 11:04:17 [error] 28#28: *674 open() "/usr/share/nginx/html/sbhu.php" failed (2: No such file or directory), client: 20.151.2.242, server: nvlink.vip, request: "GET /sbhu.php HTTP/1.1", host: "nvlink.vip"
2026/03/01 11:04:18 [error] 29#29: *688 open() "/usr/share/nginx/html/aws.yml" failed (2: No such file or directory), client: 195.178.110.109, server: nvlink.vip, request: "GET /aws.yml HTTP/1.1", host: "nvlink.vip"
2026/03/01 11:04:18 [error] 28#28: *674 open() "/usr/share/nginx/html/wp-admin/ms-edit.php" failed (2: No such file or directory), client: 20.151.2.242, server: nvlink.vip, request: "GET /wp-admin/ms-edit.php HTTP/1.1", host: "nvlink.vip"
2026/03/01 11:04:18 [error] 29#29: *688 open() "/usr/share/nginx/html/sms.py" failed (2: No such file or directory), client: 195.178.110.109, server: nvlink.vip, request: "GET /sms.py HTTP/1.1", host: "nvlink.vip"
2026/03/01 11:04:19 [error] 29#29: *688 open() "/usr/share/nginx/html/config/config.json" failed (2: No such file or directory), client: 195.178.110.109, server: nvlink.vip, request: "GET /config/config.json HTTP/1.1", host: "nvlink.vip"
2026/03/01 11:04:19 [error] 28#28: *674 open() "/usr/share/nginx/html/wp-admin/user-new.php" failed (2: No such file or directory), client: 20.151.2.242, server: nvlink.vip, request: "GET /wp-admin/user-new.php HTTP/1.1", host: "nvlink.vip"
2026/03/01 11:04:19 [error] 29#29: *688 open() "/usr/share/nginx/html/main.yml" failed (2: No such file or directory), client: 195.178.110.109, server: nvlink.vip, request: "GET /main.yml HTTP/1.1", host: "nvlink.vip"
2026/03/01 11:04:19 [error] 29#29: *688 open() "/usr/share/nginx/html/helpers/utility.js" failed (2: No such file or directory), client: 195.178.110.109, server: nvlink.vip, request: "GET /helpers/utility.js HTTP/1.1", host: "nvlink.vip"
2026/03/01 11:04:19 [error] 28#28: *674 open() "/usr/share/nginx/html/wp-admin/themes.php" failed (2: No such file or directory), client: 20.151.2.242, server: nvlink.vip, request: "GET /wp-admin/themes.php HTTP/1.1", host: "nvlink.vip"
2026/03/01 11:04:19 [error] 29#29: *688 open() "/usr/share/nginx/html/server/s3.js" failed (2: No such file or directory), client: 195.178.110.109, server: nvlink.vip, request: "GET /server/s3.js HTTP/1.1", host: "nvlink.vip"
2026/03/01 11:04:20 [error] 28#28: *674 open() "/usr/share/nginx/html/wp-admin/index.php" failed (2: No such file or directory), client: 20.151.2.242, server: nvlink.vip, request: "GET /wp-admin/index.php HTTP/1.1", host: "nvlink.vip"
2026/03/01 11:04:20 [error] 29#29: *688 open() "/usr/share/nginx/html/s3.js" failed (2: No such file or directory), client: 195.178.110.109, server: nvlink.vip, request: "GET /s3.js HTTP/1.1", host: "nvlink.vip"
2026/03/01 11:04:20 [error] 29#29: *688 open() "/usr/share/nginx/html/debug/default/view" failed (2: No such file or directory), client: 195.178.110.109, server: nvlink.vip, request: "GET /debug/default/view HTTP/1.1", host: "nvlink.vip"
2026/03/01 11:04:20 [error] 28#28: *674 open() "/usr/share/nginx/html/daff42833e.php" failed (2: No such file or directory), client: 20.151.2.242, server: nvlink.vip, request: "GET /daff42833e.php HTTP/1.1", host: "nvlink.vip"
2026/03/01 11:04:20 [error] 29#29: *688 open() "/usr/share/nginx/html/aws/credentials" failed (2: No such file or directory), client: 195.178.110.109, server: nvlink.vip, request: "GET /aws/credentials HTTP/1.1", host: "nvlink.vip"
2026/03/01 11:04:21 [error] 29#29: *688 open() "/usr/share/nginx/html/.aws/config" failed (2: No such file or directory), client: 195.178.110.109, server: nvlink.vip, request: "GET /.aws/config HTTP/1.1", host: "nvlink.vip"
2026/03/01 11:04:21 [error] 28#28: *674 open() "/usr/share/nginx/html/wp-content/cc13.php" failed (2: No such file or directory), client: 20.151.2.242, server: nvlink.vip, request: "GET /wp-content/cc13.php?p= HTTP/1.1", host: "nvlink.vip"
2026/03/01 11:04:21 [error] 29#29: *688 open() "/usr/share/nginx/html/config/stripe.js" failed (2: No such file or directory), client: 195.178.110.109, server: nvlink.vip, request: "GET /config/stripe.js HTTP/1.1", host: "nvlink.vip"
2026/03/01 11:04:21 [error] 28#28: *674 open() "/usr/share/nginx/html/wp-content/V2_xml.php" failed (2: No such file or directory), client: 20.151.2.242, server: nvlink.vip, request: "GET /wp-content/V2_xml.php HTTP/1.1", host: "nvlink.vip"
2026/03/01 11:04:21 [error] 29#29: *688 open() "/usr/share/nginx/html/config/stripe.ts" failed (2: No such file or directory), client: 195.178.110.109, server: nvlink.vip, request: "GET /config/stripe.ts HTTP/1.1", host: "nvlink.vip"
2026/03/01 11:04:21 [error] 28#28: *674 open() "/usr/share/nginx/html/wp-content/bnm.php" failed (2: No such file or directory), client: 20.151.2.242, server: nvlink.vip, request: "GET /wp-content/bnm.php HTTP/1.1", host: "nvlink.vip"
2026/03/01 11:04:21 [error] 29#29: *688 open() "/usr/share/nginx/html/server/stripe.js" failed (2: No such file or directory), client: 195.178.110.109, server: nvlink.vip, request: "GET /server/stripe.js HTTP/1.1", host: "nvlink.vip"
2026/03/01 11:04:22 [error] 29#29: *688 open() "/usr/share/nginx/html/backend/stripe.js" failed (2: No such file or directory), client: 195.178.110.109, server: nvlink.vip, request: "GET /backend/stripe.js HTTP/1.1", host: "nvlink.vip"
2026/03/01 11:04:22 [error] 28#28: *674 open() "/usr/share/nginx/html/wp-content/ccs.php" failed (2: No such file or directory), client: 20.151.2.242, server: nvlink.vip, request: "GET /wp-content/ccs.php?p= HTTP/1.1", host: "nvlink.vip"
2026/03/01 11:04:22 [error] 29#29: *688 open() "/usr/share/nginx/html/api/stripe.js" failed (2: No such file or directory), client: 195.178.110.109, server: nvlink.vip, request: "GET /api/stripe.js HTTP/1.1", host: "nvlink.vip"
2026/03/01 11:04:22 [error] 28#28: *674 open() "/usr/share/nginx/html/wp-includes/IXR/pu8.php" failed (2: No such file or directory), client: 20.151.2.242, server: nvlink.vip, request: "GET /wp-includes/IXR/pu8.php HTTP/1.1", host: "nvlink.vip"
2026/03/01 11:04:22 [error] 29#29: *688 open() "/usr/share/nginx/html/api/stripe.ts" failed (2: No such file or directory), client: 195.178.110.109, server: nvlink.vip, request: "GET /api/stripe.ts HTTP/1.1", host: "nvlink.vip"
2026/03/01 11:04:23 [error] 28#28: *674 open() "/usr/share/nginx/html/wp-includes/IXR/pu9.php" failed (2: No such file or directory), client: 20.151.2.242, server: nvlink.vip, request: "GET /wp-includes/IXR/pu9.php HTTP/1.1", host: "nvlink.vip"
2026/03/01 11:04:23 [error] 29#29: *688 open() "/usr/share/nginx/html/functions/stripe.js" failed (2: No such file or directory), client: 195.178.110.109, server: nvlink.vip, request: "GET /functions/stripe.js HTTP/1.1", host: "nvlink.vip"
2026/03/01 11:04:23 [error] 28#28: *674 open() "/usr/share/nginx/html/wp-includes/IXR/povoy.php" failed (2: No such file or directory), client: 20.151.2.242, server: nvlink.vip, request: "GET /wp-includes/IXR/povoy.php HTTP/1.1", host: "nvlink.vip"
2026/03/01 11:04:23 [error] 29#29: *688 open() "/usr/share/nginx/html/functions/payment.js" failed (2: No such file or directory), client: 195.178.110.109, server: nvlink.vip, request: "GET /functions/payment.js HTTP/1.1", host: "nvlink.vip"
2026/03/01 11:04:23 [error] 29#29: *688 open() "/usr/share/nginx/html/routes/payment.js" failed (2: No such file or directory), client: 195.178.110.109, server: nvlink.vip, request: "GET /routes/payment.js HTTP/1.1", host: "nvlink.vip"
2026/03/01 11:04:23 [error] 28#28: *674 open() "/usr/share/nginx/html/wp-includes/IXR/t00l.php" failed (2: No such file or directory), client: 20.151.2.242, server: nvlink.vip, request: "GET /wp-includes/IXR/t00l.php HTTP/1.1", host: "nvlink.vip"
2026/03/01 11:04:24 [error] 29#29: *688 open() "/usr/share/nginx/html/routes/stripe.js" failed (2: No such file or directory), client: 195.178.110.109, server: nvlink.vip, request: "GET /routes/stripe.js HTTP/1.1", host: "nvlink.vip"
2026/03/01 11:04:24 [error] 28#28: *674 open() "/usr/share/nginx/html/wp-includes/IXR/rcc8.php" failed (2: No such file or directory), client: 20.151.2.242, server: nvlink.vip, request: "GET /wp-includes/IXR/rcc8.php HTTP/1.1", host: "nvlink.vip"
2026/03/01 11:04:24 [error] 29#29: *688 open() "/usr/share/nginx/html/controllers/stripeController.js" failed (2: No such file or directory), client: 195.178.110.109, server: nvlink.vip, request: "GET /controllers/stripeController.js HTTP/1.1", host: "nvlink.vip"
2026/03/01 11:04:24 [error] 28#28: *674 open() "/usr/share/nginx/html/wp-includes/IXR/rcc9.php" failed (2: No such file or directory), client: 20.151.2.242, server: nvlink.vip, request: "GET /wp-includes/IXR/rcc9.php HTTP/1.1", host: "nvlink.vip"
2026/03/01 11:04:24 [error] 29#29: *688 open() "/usr/share/nginx/html/utils/stripe.js" failed (2: No such file or directory), client: 195.178.110.109, server: nvlink.vip, request: "GET /utils/stripe.js HTTP/1.1", host: "nvlink.vip"
2026/03/01 11:04:24 [error] 29#29: *688 open() "/usr/share/nginx/html/modules/stripe.js" failed (2: No such file or directory), client: 195.178.110.109, server: nvlink.vip, request: "GET /modules/stripe.js HTTP/1.1", host: "nvlink.vip"
2026/03/01 11:04:24 [error] 28#28: *674 open() "/usr/share/nginx/html/wp-includes/IXR/xl9.php" failed (2: No such file or directory), client: 20.151.2.242, server: nvlink.vip, request: "GET /wp-includes/IXR/xl9.php HTTP/1.1", host: "nvlink.vip"
2026/03/01 11:04:25 [error] 29#29: *688 open() "/usr/share/nginx/html/stripe/index.js" failed (2: No such file or directory), client: 195.178.110.109, server: nvlink.vip, request: "GET /stripe/index.js HTTP/1.1", host: "nvlink.vip"
2026/03/01 11:04:25 [error] 28#28: *674 open() "/usr/share/nginx/html/wp-includes/IXR/gxoxx.php" failed (2: No such file or directory), client: 20.151.2.242, server: nvlink.vip, request: "GET /wp-includes/IXR/gxoxx.php HTTP/1.1", host: "nvlink.vip"
2026/03/01 11:04:25 [error] 29#29: *688 open() "/usr/share/nginx/html/config/services.php" failed (2: No such file or directory), client: 195.178.110.109, server: nvlink.vip, request: "GET /config/services.php HTTP/1.1", host: "nvlink.vip"
2026/03/01 11:04:25 [error] 29#29: *688 open() "/usr/share/nginx/html/config/stripe.php" failed (2: No such file or directory), client: 195.178.110.109, server: nvlink.vip, request: "GET /config/stripe.php HTTP/1.1", host: "nvlink.vip"
2026/03/01 11:04:25 [error] 28#28: *674 open() "/usr/share/nginx/html/wp-includes/IXR/g06akt.php" failed (2: No such file or directory), client: 20.151.2.242, server: nvlink.vip, request: "GET /wp-includes/IXR/g06akt.php HTTP/1.1", host: "nvlink.vip"
2026/03/01 11:04:25 [error] 29#29: *688 open() "/usr/share/nginx/html/app/Services/StripeService.php" failed (2: No such file or directory), client: 195.178.110.109, server: nvlink.vip, request: "GET /app/Services/StripeService.php HTTP/1.1", host: "nvlink.vip"
2026/03/01 11:04:26 [error] 28#28: *674 open() "/usr/share/nginx/html/add.php" failed (2: No such file or directory), client: 20.151.2.242, server: nvlink.vip, request: "GET /add.php HTTP/1.1", host: "nvlink.vip"
2026/03/01 11:04:26 [error] 28#28: *674 open() "/usr/share/nginx/html/b.php" failed (2: No such file or directory), client: 20.151.2.242, server: nvlink.vip, request: "GET /b.php HTTP/1.1", host: "nvlink.vip"
2026/03/01 11:04:26 [error] 28#28: *674 open() "/usr/share/nginx/html/backup.php" failed (2: No such file or directory), client: 20.151.2.242, server: nvlink.vip, request: "GET /backup.php HTTP/1.1", host: "nvlink.vip"
2026/03/01 11:04:26 [error] 29#29: *689 open() "/usr/share/nginx/html/app/Http/Controllers/StripeController.php" failed (2: No such file or directory), client: 195.178.110.109, server: nvlink.vip, request: "GET /app/Http/Controllers/StripeController.php HTTP/1.1", host: "nvlink.vip"
2026/03/01 11:04:27 [error] 29#29: *689 open() "/usr/share/nginx/html/bootstrap/cache/config.php" failed (2: No such file or directory), client: 195.178.110.109, server: nvlink.vip, request: "GET /bootstrap/cache/config.php HTTP/1.1", host: "nvlink.vip"
2026/03/01 11:04:27 [error] 28#28: *674 open() "/usr/share/nginx/html/public/vx.php" failed (2: No such file or directory), client: 20.151.2.242, server: nvlink.vip, request: "GET /public/vx.php HTTP/1.1", host: "nvlink.vip"
2026/03/01 11:04:27 [error] 29#29: *689 open() "/usr/share/nginx/html/storage/app/stripe.json" failed (2: No such file or directory), client: 195.178.110.109, server: nvlink.vip, request: "GET /storage/app/stripe.json HTTP/1.1", host: "nvlink.vip"
2026/03/01 11:04:27 [error] 29#29: *689 open() "/usr/share/nginx/html/storage/app/keys/stripe.key" failed (2: No such file or directory), client: 195.178.110.109, server: nvlink.vip, request: "GET /storage/app/keys/stripe.key HTTP/1.1", host: "nvlink.vip"
2026/03/01 11:04:27 [error] 28#28: *674 open() "/usr/share/nginx/html/gettest.php" failed (2: No such file or directory), client: 20.151.2.242, server: nvlink.vip, request: "GET /gettest.php HTTP/1.1", host: "nvlink.vip"
2026/03/01 11:04:28 [error] 29#29: *689 open() "/usr/share/nginx/html/app/config/stripe.yml" failed (2: No such file or directory), client: 195.178.110.109, server: nvlink.vip, request: "GET /app/config/stripe.yml HTTP/1.1", host: "nvlink.vip"
2026/03/01 11:04:28 [error] 28#28: *674 open() "/usr/share/nginx/html/install.php" failed (2: No such file or directory), client: 20.151.2.242, server: nvlink.vip, request: "GET /install.php HTTP/1.1", host: "nvlink.vip"
2026/03/01 11:04:28 [error] 29#29: *689 open() "/usr/share/nginx/html/app/config/payment.php" failed (2: No such file or directory), client: 195.178.110.109, server: nvlink.vip, request: "GET /app/config/payment.php HTTP/1.1", host: "nvlink.vip"
2026/03/01 11:04:28 [error] 29#29: *689 open() "/usr/share/nginx/html/config/settings/stripe.py" failed (2: No such file or directory), client: 195.178.110.109, server: nvlink.vip, request: "GET /config/settings/stripe.py HTTP/1.1", host: "nvlink.vip"
2026/03/01 11:04:28 [error] 28#28: *674 open() "/usr/share/nginx/html/akcc.php" failed (2: No such file or directory), client: 20.151.2.242, server: nvlink.vip, request: "GET /akcc.php HTTP/1.1", host: "nvlink.vip"
2026/03/01 11:04:28 [error] 29#29: *689 open() "/usr/share/nginx/html/settings_stripe.py" failed (2: No such file or directory), client: 195.178.110.109, server: nvlink.vip, request: "GET /settings_stripe.py HTTP/1.1", host: "nvlink.vip"
2026/03/01 11:04:29 [error] 28#28: *674 open() "/usr/share/nginx/html/wp-admin/maint/admin.php" failed (2: No such file or directory), client: 20.151.2.242, server: nvlink.vip, request: "GET /wp-admin/maint/admin.php HTTP/1.1", host: "nvlink.vip"
2026/03/01 11:04:29 [error] 29#29: *689 open() "/usr/share/nginx/html/app/settings_stripe.py" failed (2: No such file or directory), client: 195.178.110.109, server: nvlink.vip, request: "GET /app/settings_stripe.py HTTP/1.1", host: "nvlink.vip"
2026/03/01 11:04:29 [error] 28#28: *674 open() "/usr/share/nginx/html/wp-atom.php" failed (2: No such file or directory), client: 20.151.2.242, server: nvlink.vip, request: "GET /wp-atom.php HTTP/1.1", host: "nvlink.vip"
2026/03/01 11:04:29 [error] 29#29: *689 open() "/usr/share/nginx/html/project/settings/payment.py" failed (2: No such file or directory), client: 195.178.110.109, server: nvlink.vip, request: "GET /project/settings/payment.py HTTP/1.1", host: "nvlink.vip"
2026/03/01 11:04:29 [error] 28#28: *674 open() "/usr/share/nginx/html/wp-admin/js/wp-conflg.php" failed (2: No such file or directory), client: 20.151.2.242, server: nvlink.vip, request: "GET /wp-admin/js/wp-conflg.php HTTP/1.1", host: "nvlink.vip"
2026/03/01 11:04:29 [error] 29#29: *689 open() "/usr/share/nginx/html/core/payment.py" failed (2: No such file or directory), client: 195.178.110.109, server: nvlink.vip, request: "GET /core/payment.py HTTP/1.1", host: "nvlink.vip"
2026/03/01 11:04:30 [error] 29#29: *689 open() "/usr/share/nginx/html/secrets/stripe.json" failed (2: No such file or directory), client: 195.178.110.109, server: nvlink.vip, request: "GET /secrets/stripe.json HTTP/1.1", host: "nvlink.vip"
2026/03/01 11:04:30 [error] 28#28: *674 open() "/usr/share/nginx/html/wp-includes/admin.php" failed (2: No such file or directory), client: 20.151.2.242, server: nvlink.vip, request: "GET /wp-includes/admin.php HTTP/1.1", host: "nvlink.vip"
2026/03/01 11:04:30 [error] 29#29: *689 open() "/usr/share/nginx/html/instance/config.py" failed (2: No such file or directory), client: 195.178.110.109, server: nvlink.vip, request: "GET /instance/config.py HTTP/1.1", host: "nvlink.vip"
2026/03/01 11:04:30 [error] 28#28: *674 open() "/usr/share/nginx/html/ws66.php" failed (2: No such file or directory), client: 20.151.2.242, server: nvlink.vip, request: "GET /ws66.php HTTP/1.1", host: "nvlink.vip"
2026/03/01 11:04:30 [error] 29#29: *689 open() "/usr/share/nginx/html/config/initializers/stripe.rb" failed (2: No such file or directory), client: 195.178.110.109, server: nvlink.vip, request: "GET /config/initializers/stripe.rb HTTP/1.1", host: "nvlink.vip"
2026/03/01 11:04:31 [error] 28#28: *674 open() "/usr/share/nginx/html/goat.php" failed (2: No such file or directory), client: 20.151.2.242, server: nvlink.vip, request: "GET /goat.php HTTP/1.1", host: "nvlink.vip"
2026/03/01 11:04:31 [error] 28#28: *674 open() "/usr/share/nginx/html/autoload_classmap.php" failed (2: No such file or directory), client: 20.151.2.242, server: nvlink.vip, request: "GET /autoload_classmap.php HTTP/1.1", host: "nvlink.vip"
2026/03/01 11:04:31 [error] 29#29: *690 open() "/usr/share/nginx/html/config/secrets.yml" failed (2: No such file or directory), client: 195.178.110.109, server: nvlink.vip, request: "GET /config/secrets.yml HTTP/1.1", host: "nvlink.vip"
2026/03/01 11:04:31 [error] 28#28: *674 open() "/usr/share/nginx/html/txets.php" failed (2: No such file or directory), client: 20.151.2.242, server: nvlink.vip, request: "GET /txets.php HTTP/1.1", host: "nvlink.vip"
2026/03/01 11:04:31 [error] 29#29: *690 open() "/usr/share/nginx/html/config/credentials.yml.enc" failed (2: No such file or directory), client: 195.178.110.109, server: nvlink.vip, request: "GET /config/credentials.yml.enc HTTP/1.1", host: "nvlink.vip"
2026/03/01 11:04:32 [error] 29#29: *690 open() "/usr/share/nginx/html/config/payment.yml" failed (2: No such file or directory), client: 195.178.110.109, server: nvlink.vip, request: "GET /config/payment.yml HTTP/1.1", host: "nvlink.vip"
2026/03/01 11:04:32 [error] 28#28: *674 open() "/usr/share/nginx/html/chosen.php" failed (2: No such file or directory), client: 20.151.2.242, server: nvlink.vip, request: "GET /chosen.php HTTP/1.1", host: "nvlink.vip"
2026/03/01 11:04:32 [error] 29#29: *690 open() "/usr/share/nginx/html/config/stripe.json" failed (2: No such file or directory), client: 195.178.110.109, server: nvlink.vip, request: "GET /config/stripe.json HTTP/1.1", host: "nvlink.vip"
2026/03/01 11:04:32 [error] 29#29: *690 open() "/usr/share/nginx/html/config/stripe.yaml" failed (2: No such file or directory), client: 195.178.110.109, server: nvlink.vip, request: "GET /config/stripe.yaml HTTP/1.1", host: "nvlink.vip"
2026/03/01 11:04:32 [error] 28#28: *674 open() "/usr/share/nginx/html/666.php" failed (2: No such file or directory), client: 20.151.2.242, server: nvlink.vip, request: "GET /666.php HTTP/1.1", host: "nvlink.vip"
2026/03/01 11:04:32 [error] 29#29: *690 open() "/usr/share/nginx/html/internal/stripe/keys.go" failed (2: No such file or directory), client: 195.178.110.109, server: nvlink.vip, request: "GET /internal/stripe/keys.go HTTP/1.1", host: "nvlink.vip"
2026/03/01 11:04:33 [error] 28#28: *674 open() "/usr/share/nginx/html/X57.php" failed (2: No such file or directory), client: 20.151.2.242, server: nvlink.vip, request: "GET /X57.php HTTP/1.1", host: "nvlink.vip"
2026/03/01 11:04:33 [error] 28#28: *674 open() "/usr/share/nginx/html/simple.php" failed (2: No such file or directory), client: 20.151.2.242, server: nvlink.vip, request: "GET /simple.php HTTP/1.1", host: "nvlink.vip"
2026/03/01 11:04:33 [error] 29#29: *691 open() "/usr/share/nginx/html/.github/workflows/stripe.yml" failed (2: No such file or directory), client: 195.178.110.109, server: nvlink.vip, request: "GET /.github/workflows/stripe.yml HTTP/1.1", host: "nvlink.vip"
2026/03/01 11:04:33 [error] 28#28: *674 open() "/usr/share/nginx/html/fff.php" failed (2: No such file or directory), client: 20.151.2.242, server: nvlink.vip, request: "GET /fff.php HTTP/1.1", host: "nvlink.vip"
2026/03/01 11:04:33 [error] 29#29: *691 open() "/usr/share/nginx/html/.github/workflows/deploy.yml" failed (2: No such file or directory), client: 195.178.110.109, server: nvlink.vip, request: "GET /.github/workflows/deploy.yml HTTP/1.1", host: "nvlink.vip"
2026/03/01 11:04:34 [error] 28#28: *674 open() "/usr/share/nginx/html/item.php" failed (2: No such file or directory), client: 20.151.2.242, server: nvlink.vip, request: "GET /item.php HTTP/1.1", host: "nvlink.vip"
2026/03/01 11:04:34 [error] 29#29: *691 open() "/usr/share/nginx/html/.github/workflows/build.yml" failed (2: No such file or directory), client: 195.178.110.109, server: nvlink.vip, request: "GET /.github/workflows/build.yml HTTP/1.1", host: "nvlink.vip"
2026/03/01 11:04:34 [error] 29#29: *691 open() "/usr/share/nginx/html/.github/stripe.env" failed (2: No such file or directory), client: 195.178.110.109, server: nvlink.vip, request: "GET /.github/stripe.env HTTP/1.1", host: "nvlink.vip"
2026/03/01 11:04:34 [error] 28#28: *674 open() "/usr/share/nginx/html/my.php" failed (2: No such file or directory), client: 20.151.2.242, server: nvlink.vip, request: "GET /my.php HTTP/1.1", host: "nvlink.vip"
2026/03/01 11:04:34 [error] 29#29: *691 open() "/usr/share/nginx/html/.gitlab-ci.yml" failed (2: No such file or directory), client: 195.178.110.109, server: nvlink.vip, request: "GET /.gitlab-ci.yml HTTP/1.1", host: "nvlink.vip"
2026/03/01 11:04:35 [error] 29#29: *691 open() "/usr/share/nginx/html/.circleci/config.yml" failed (2: No such file or directory), client: 195.178.110.109, server: nvlink.vip, request: "GET /.circleci/config.yml HTTP/1.1", host: "nvlink.vip"
2026/03/01 11:04:35 [error] 29#29: *691 open() "/usr/share/nginx/html/.bitbucket/pipelines.yml" failed (2: No such file or directory), client: 195.178.110.109, server: nvlink.vip, request: "GET /.bitbucket/pipelines.yml HTTP/1.1", host: "nvlink.vip"
2026/03/01 11:04:35 [error] 28#28: *674 open() "/usr/share/nginx/html/ioxi-o.php" failed (2: No such file or directory), client: 20.151.2.242, server: nvlink.vip, request: "GET /ioxi-o.php HTTP/1.1", host: "nvlink.vip"
2026/03/01 11:04:35 [error] 29#29: *691 open() "/usr/share/nginx/html/config/webhook.php" failed (2: No such file or directory), client: 195.178.110.109, server: nvlink.vip, request: "GET /config/webhook.php HTTP/1.1", host: "nvlink.vip"
2026/03/01 11:04:36 [error] 29#29: *691 open() "/usr/share/nginx/html/functions/webhook.js" failed (2: No such file or directory), client: 195.178.110.109, server: nvlink.vip, request: "GET /functions/webhook.js HTTP/1.1", host: "nvlink.vip"
2026/03/01 11:04:36 [error] 28#28: *674 open() "/usr/share/nginx/html/lp6.php" failed (2: No such file or directory), client: 20.151.2.242, server: nvlink.vip, request: "GET /lp6.php HTTP/1.1", host: "nvlink.vip"
2026/03/01 11:04:36 [error] 29#29: *691 open() "/usr/share/nginx/html/api/webhook.js" failed (2: No such file or directory), client: 195.178.110.109, server: nvlink.vip, request: "GET /api/webhook.js HTTP/1.1", host: "nvlink.vip"
2026/03/01 11:04:36 [error] 28#28: *674 open() "/usr/share/nginx/html/wp-4doption1.php" failed (2: No such file or directory), client: 20.151.2.242, server: nvlink.vip, request: "GET /wp-4doption1.php HTTP/1.1", host: "nvlink.vip"
2026/03/01 11:04:36 [error] 29#29: *691 open() "/usr/share/nginx/html/routes/webhook.js" failed (2: No such file or directory), client: 195.178.110.109, server: nvlink.vip, request: "GET /routes/webhook.js HTTP/1.1", host: "nvlink.vip"
2026/03/01 11:04:37 [error] 28#28: *674 open() "/usr/share/nginx/html/bgymj.php" failed (2: No such file or directory), client: 20.151.2.242, server: nvlink.vip, request: "GET /bgymj.php HTTP/1.1", host: "nvlink.vip"
2026/03/01 11:04:37 [error] 29#29: *692 open() "/usr/share/nginx/html/webhook/stripe.php" failed (2: No such file or directory), client: 195.178.110.109, server: nvlink.vip, request: "GET /webhook/stripe.php HTTP/1.1", host: "nvlink.vip"
2026/03/01 11:04:37 [error] 28#28: *674 open() "/usr/share/nginx/html/wp-setting.php" failed (2: No such file or directory), client: 20.151.2.242, server: nvlink.vip, request: "GET /wp-setting.php HTTP/1.1", host: "nvlink.vip"
2026/03/01 11:04:37 [error] 28#28: *674 open() "/usr/share/nginx/html/info.php" failed (2: No such file or directory), client: 20.151.2.242, server: nvlink.vip, request: "GET /info.php HTTP/1.1", host: "nvlink.vip"
2026/03/01 11:04:38 [error] 29#29: *693 open() "/usr/share/nginx/html/webhooks/settings.json" failed (2: No such file or directory), client: 195.178.110.109, server: nvlink.vip, request: "GET /webhooks/settings.json HTTP/1.1", host: "nvlink.vip"
2026/03/01 11:04:38 [error] 28#28: *674 open() "/usr/share/nginx/html/1.php" failed (2: No such file or directory), client: 20.151.2.242, server: nvlink.vip, request: "GET /1.php HTTP/1.1", host: "nvlink.vip"
2026/03/01 11:04:38 [error] 29#29: *693 open() "/usr/share/nginx/html/.git/config" failed (2: No such file or directory), client: 195.178.110.109, server: nvlink.vip, request: "GET /.git/config HTTP/1.1", host: "nvlink.vip"
2026/03/01 11:04:38 [error] 29#29: *693 open() "/usr/share/nginx/html/.git/HEAD" failed (2: No such file or directory), client: 195.178.110.109, server: nvlink.vip, request: "GET /.git/HEAD HTTP/1.1", host: "nvlink.vip"
2026/03/01 11:04:39 [error] 29#29: *693 open() "/usr/share/nginx/html/composer.json" failed (2: No such file or directory), client: 195.178.110.109, server: nvlink.vip, request: "GET /composer.json HTTP/1.1", host: "nvlink.vip"
2026/03/01 11:04:39 [error] 29#29: *693 open() "/usr/share/nginx/html/package.json" failed (2: No such file or directory), client: 195.178.110.109, server: nvlink.vip, request: "GET /package.json HTTP/1.1", host: "nvlink.vip"
2026/03/01 11:04:39 [error] 29#29: *693 open() "/usr/share/nginx/html/requirements.txt" failed (2: No such file or directory), client: 195.178.110.109, server: nvlink.vip, request: "GET /requirements.txt HTTP/1.1", host: "nvlink.vip"
2026/03/01 11:04:39 [error] 29#29: *693 open() "/usr/share/nginx/html/Gemfile" failed (2: No such file or directory), client: 195.178.110.109, server: nvlink.vip, request: "GET /Gemfile HTTP/1.1", host: "nvlink.vip"
2026/03/01 11:04:40 [error] 29#29: *694 open() "/usr/share/nginx/html/pom.xml" failed (2: No such file or directory), client: 195.178.110.109, server: nvlink.vip, request: "GET /pom.xml HTTP/1.1", host: "nvlink.vip"
2026/03/01 11:04:41 [error] 29#29: *694 open() "/usr/share/nginx/html/.dockerignore" failed (2: No such file or directory), client: 195.178.110.109, server: nvlink.vip, request: "GET /.dockerignore HTTP/1.1", host: "nvlink.vip"
2026/03/01 11:04:41 [error] 29#29: *694 open() "/usr/share/nginx/html/Dockerfile" failed (2: No such file or directory), client: 195.178.110.109, server: nvlink.vip, request: "GET /Dockerfile HTTP/1.1", host: "nvlink.vip"
2026/03/01 11:04:41 [error] 29#29: *694 "/usr/share/nginx/html/.github/workflows/index.html" is not found (2: No such file or directory), client: 195.178.110.109, server: nvlink.vip, request: "GET /.github/workflows/ HTTP/1.1", host: "nvlink.vip"
2026/03/01 11:04:41 [error] 29#29: *694 "/usr/share/nginx/html/terraform/index.html" is not found (2: No such file or directory), client: 195.178.110.109, server: nvlink.vip, request: "GET /terraform/ HTTP/1.1", host: "nvlink.vip"
2026/03/01 11:04:42 [error] 29#29: *694 "/usr/share/nginx/html/.terraform/index.html" is not found (2: No such file or directory), client: 195.178.110.109, server: nvlink.vip, request: "GET /.terraform/ HTTP/1.1", host: "nvlink.vip"
2026/03/01 11:04:42 [error] 29#29: *694 open() "/usr/share/nginx/html/docker-compose.yml" failed (2: No such file or directory), client: 195.178.110.109, server: nvlink.vip, request: "GET /docker-compose.yml HTTP/1.1", host: "nvlink.vip"
2026/03/01 11:04:42 [error] 29#29: *694 open() "/usr/share/nginx/html/Makefile" failed (2: No such file or directory), client: 195.178.110.109, server: nvlink.vip, request: "GET /Makefile HTTP/1.1", host: "nvlink.vip"
2026/03/01 11:04:43 [error] 29#29: *694 open() "/usr/share/nginx/html/tox.ini" failed (2: No such file or directory), client: 195.178.110.109, server: nvlink.vip, request: "GET /tox.ini HTTP/1.1", host: "nvlink.vip"
2026/03/01 11:04:44 [error] 29#29: *695 open() "/usr/share/nginx/html/setup.py" failed (2: No such file or directory), client: 195.178.110.109, server: nvlink.vip, request: "GET /setup.py HTTP/1.1", host: "nvlink.vip"
2026/03/01 11:04:44 [error] 29#29: *695 open() "/usr/share/nginx/html/gradle.properties" failed (2: No such file or directory), client: 195.178.110.109, server: nvlink.vip, request: "GET /gradle.properties HTTP/1.1", host: "nvlink.vip"
2026/03/01 11:04:44 [error] 29#29: *695 open() "/usr/share/nginx/html/build.gradle" failed (2: No such file or directory), client: 195.178.110.109, server: nvlink.vip, request: "GET /build.gradle HTTP/1.1", host: "nvlink.vip"
