2026/03/01 10:30:15 [error] 29#29: *542 open() "/usr/share/nginx/html/management/v1/cluster/state" failed (2: No such file or directory), client: 172.235.194.184, server: nvlink.vip, request: "GET /management/v1/cluster/state HTTP/1.1", host: "ec2-52-194-182-25.ap-northeast-1.compute.amazonaws.com"
2026/03/01 10:30:15 [error] 29#29: *543 open() "/usr/share/nginx/html/sap/bc/ui2/flp" failed (2: No such file or directory), client: 172.235.194.184, server: nvlink.vip, request: "GET /sap/bc/ui2/flp HTTP/1.1", host: "ec2-52-194-182-25.ap-northeast-1.compute.amazonaws.com"
2026/03/01 10:30:15 [error] 29#29: *545 open() "/usr/share/nginx/html/browser/index.html" failed (2: No such file or directory), client: 172.235.194.184, server: nvlink.vip, request: "GET /browser/index.html HTTP/1.1", host: "ec2-52-194-182-25.ap-northeast-1.compute.amazonaws.com"
2026/03/01 10:30:15 [error] 29#29: *548 open() "/usr/share/nginx/html/ignite" failed (2: No such file or directory), client: 172.235.194.184, server: nvlink.vip, request: "GET /ignite?cmd=version HTTP/1.1", host: "ec2-52-194-182-25.ap-northeast-1.compute.amazonaws.com"
2026/03/01 10:30:15 [error] 29#29: *549 open() "/usr/share/nginx/html/help/en_US/Content/utm/utmAdminGuide/WebAdmin.htm" failed (2: No such file or directory), client: 172.235.194.184, server: nvlink.vip, request: "GET /help/en_US/Content/utm/utmAdminGuide/WebAdmin.htm HTTP/1.1", host: "ec2-52-194-182-25.ap-northeast-1.compute.amazonaws.com"
2026/03/01 10:30:16 [error] 29#29: *555 open() "/usr/share/nginx/html/base.cfm" failed (2: No such file or directory), client: 172.235.194.184, server: nvlink.vip, request: "GET /base.cfm HTTP/1.1", host: "ec2-52-194-182-25.ap-northeast-1.compute.amazonaws.com"
2026/03/01 10:30:16 [error] 29#29: *557 open() "/usr/share/nginx/html/api/v2.0/systeminfo" failed (2: No such file or directory), client: 172.235.194.184, server: nvlink.vip, request: "GET /api/v2.0/systeminfo HTTP/1.1", host: "ec2-52-194-182-25.ap-northeast-1.compute.amazonaws.com"
2026/03/01 10:30:16 [error] 29#29: *558 open() "/usr/share/nginx/html/api/v1/cluster/summary" failed (2: No such file or directory), client: 172.235.194.184, server: nvlink.vip, request: "GET /api/v1/cluster/summary HTTP/1.1", host: "ec2-52-194-182-25.ap-northeast-1.compute.amazonaws.com"
2026/03/01 10:30:16 [error] 29#29: *556 open() "/usr/share/nginx/html/nmc/rss/server" failed (2: No such file or directory), client: 172.235.194.184, server: nvlink.vip, request: "GET /nmc/rss/server HTTP/1.1", host: "ec2-52-194-182-25.ap-northeast-1.compute.amazonaws.com"
2026/03/01 10:30:16 [error] 29#29: *559 open() "/usr/share/nginx/html/cgi-bin/getagent.cgi" failed (2: No such file or directory), client: 172.235.194.184, server: nvlink.vip, request: "GET /cgi-bin/getagent.cgi?type=s HTTP/1.1", host: "ec2-52-194-182-25.ap-northeast-1.compute.amazonaws.com"
2026/03/01 10:30:16 [error] 29#29: *560 open() "/usr/share/nginx/html/ScadaBR/login.htm" failed (2: No such file or directory), client: 172.235.194.184, server: nvlink.vip, request: "GET /ScadaBR/login.htm HTTP/1.1", host: "ec2-52-194-182-25.ap-northeast-1.compute.amazonaws.com"
2026/03/01 10:30:17 [error] 29#29: *561 open() "/usr/share/nginx/html/api/system/status" failed (2: No such file or directory), client: 172.235.194.184, server: nvlink.vip, request: "GET /api/system/status HTTP/1.1", host: "ec2-52-194-182-25.ap-northeast-1.compute.amazonaws.com"
2026/03/01 10:30:17 [error] 29#29: *564 open() "/usr/share/nginx/html/admin" failed (2: No such file or directory), client: 172.235.194.184, server: nvlink.vip, request: "GET /admin HTTP/1.1", host: "ec2-52-194-182-25.ap-northeast-1.compute.amazonaws.com"
2026/03/01 10:30:17 [error] 28#28: *565 "/usr/share/nginx/html/download/python/index.html" is not found (2: No such file or directory), client: 172.235.194.184, server: nvlink.vip, request: "GET /download/python/ HTTP/1.1", host: "ec2-52-194-182-25.ap-northeast-1.compute.amazonaws.com"
2026/03/01 10:30:17 [error] 29#29: *566 open() "/usr/share/nginx/html/webpages/login.html" failed (2: No such file or directory), client: 172.235.194.184, server: nvlink.vip, request: "GET /webpages/login.html HTTP/1.1", host: "ec2-52-194-182-25.ap-northeast-1.compute.amazonaws.com"
2026/03/01 10:30:17 [error] 28#28: *567 open() "/usr/share/nginx/html/angular.js" failed (2: No such file or directory), client: 172.235.194.184, server: nvlink.vip, request: "GET /angular.js HTTP/1.1", host: "ec2-52-194-182-25.ap-northeast-1.compute.amazonaws.com"
2026/03/01 10:30:18 [error] 28#28: *569 open() "/usr/share/nginx/html/sms_mp/.sms_aut" failed (2: No such file or directory), client: 172.235.194.184, server: nvlink.vip, request: "GET /sms_mp/.sms_aut?mplist HTTP/1.1", host: "ec2-52-194-182-25.ap-northeast-1.compute.amazonaws.com"
2026/03/01 10:30:18 [error] 28#28: *568 open() "/usr/share/nginx/html/rest/settings" failed (2: No such file or directory), client: 172.235.194.184, server: nvlink.vip, request: "GET /rest/settings HTTP/1.1", host: "ec2-52-194-182-25.ap-northeast-1.compute.amazonaws.com"
2026/03/01 10:30:18 [error] 28#28: *571 open() "/usr/share/nginx/html/_matrix/identity/v2" failed (2: No such file or directory), client: 172.235.194.184, server: nvlink.vip, request: "GET /_matrix/identity/v2 HTTP/1.1", host: "ec2-52-194-182-25.ap-northeast-1.compute.amazonaws.com"
2026/03/01 10:30:18 [error] 28#28: *572 open() "/usr/share/nginx/html/base.html" failed (2: No such file or directory), client: 172.235.194.184, server: nvlink.vip, request: "GET /base.html HTTP/1.1", host: "ec2-52-194-182-25.ap-northeast-1.compute.amazonaws.com"
2026/03/01 10:30:18 [error] 28#28: *574 open() "/usr/share/nginx/html/metasys/com/jci/metasys/MetasysProperties.properties" failed (2: No such file or directory), client: 172.235.194.184, server: nvlink.vip, request: "GET /metasys/com/jci/metasys/MetasysProperties.properties HTTP/1.1", host: "ec2-52-194-182-25.ap-northeast-1.compute.amazonaws.com"
2026/03/01 10:30:18 [error] 28#28: *573 open() "/usr/share/nginx/html/remote/login" failed (2: No such file or directory), client: 172.235.194.184, server: nvlink.vip, request: "GET /remote/login HTTP/1.1", host: "ec2-52-194-182-25.ap-northeast-1.compute.amazonaws.com"
2026/03/01 10:30:19 [error] 28#28: *577 open() "/usr/share/nginx/html/admin.asp" failed (2: No such file or directory), client: 172.235.194.184, server: nvlink.vip, request: "GET /admin.asp HTTP/1.1", host: "ec2-52-194-182-25.ap-northeast-1.compute.amazonaws.com"
2026/03/01 10:32:52 [error] 28#28: *634 open() "/usr/share/nginx/html/wp-trackback.php" failed (2: No such file or directory), client: 20.219.132.149, server: nvlink.vip, request: "GET /wp-trackback.php HTTP/1.1", host: "nvlink.vip"
2026/03/01 10:32:52 [error] 28#28: *634 open() "/usr/share/nginx/html/about.php" failed (2: No such file or directory), client: 20.219.132.149, server: nvlink.vip, request: "GET /about.php HTTP/1.1", host: "nvlink.vip"
2026/03/01 10:32:52 [error] 28#28: *634 open() "/usr/share/nginx/html/file.php" failed (2: No such file or directory), client: 20.219.132.149, server: nvlink.vip, request: "GET /file.php HTTP/1.1", host: "nvlink.vip"
2026/03/01 10:32:52 [error] 28#28: *634 open() "/usr/share/nginx/html/wp-good.php" failed (2: No such file or directory), client: 20.219.132.149, server: nvlink.vip, request: "GET /wp-good.php HTTP/1.1", host: "nvlink.vip"
2026/03/01 10:32:52 [error] 28#28: *634 open() "/usr/share/nginx/html/xmlrpc.php" failed (2: No such file or directory), client: 20.219.132.149, server: nvlink.vip, request: "GET /xmlrpc.php HTTP/1.1", host: "nvlink.vip"
2026/03/01 10:32:52 [error] 28#28: *634 open() "/usr/share/nginx/html/goods.php" failed (2: No such file or directory), client: 20.219.132.149, server: nvlink.vip, request: "GET /goods.php HTTP/1.1", host: "nvlink.vip"
2026/03/01 10:32:52 [error] 28#28: *634 open() "/usr/share/nginx/html/ioxi-o.php" failed (2: No such file or directory), client: 20.219.132.149, server: nvlink.vip, request: "GET /ioxi-o.php HTTP/1.1", host: "nvlink.vip"
2026/03/01 10:32:52 [error] 28#28: *634 open() "/usr/share/nginx/html/class-t.api.php" failed (2: No such file or directory), client: 20.219.132.149, server: nvlink.vip, request: "GET /class-t.api.php HTTP/1.1", host: "nvlink.vip"
2026/03/01 10:32:53 [error] 28#28: *634 open() "/usr/share/nginx/html/admin.php" failed (2: No such file or directory), client: 20.219.132.149, server: nvlink.vip, request: "GET /admin.php HTTP/1.1", host: "nvlink.vip"
2026/03/01 10:32:53 [error] 28#28: *634 open() "/usr/share/nginx/html/sf.php" failed (2: No such file or directory), client: 20.219.132.149, server: nvlink.vip, request: "GET /sf.php HTTP/1.1", host: "nvlink.vip"
2026/03/01 10:32:53 [error] 28#28: *634 open() "/usr/share/nginx/html/rip.php" failed (2: No such file or directory), client: 20.219.132.149, server: nvlink.vip, request: "GET /rip.php HTTP/1.1", host: "nvlink.vip"
2026/03/01 10:32:53 [error] 28#28: *634 open() "/usr/share/nginx/html/autoload_classmap.php" failed (2: No such file or directory), client: 20.219.132.149, server: nvlink.vip, request: "GET /autoload_classmap.php HTTP/1.1", host: "nvlink.vip"
2026/03/01 10:32:53 [error] 28#28: *634 open() "/usr/share/nginx/html/chosen.php" failed (2: No such file or directory), client: 20.219.132.149, server: nvlink.vip, request: "GET /chosen.php?p= HTTP/1.1", host: "nvlink.vip"
2026/03/01 10:32:53 [error] 28#28: *634 open() "/usr/share/nginx/html/classwithtostring.php" failed (2: No such file or directory), client: 20.219.132.149, server: nvlink.vip, request: "GET /classwithtostring.php HTTP/1.1", host: "nvlink.vip"
2026/03/01 10:32:53 [error] 28#28: *634 open() "/usr/share/nginx/html/defaults.php" failed (2: No such file or directory), client: 20.219.132.149, server: nvlink.vip, request: "GET /defaults.php HTTP/1.1", host: "nvlink.vip"
2026/03/01 10:32:53 [error] 28#28: *634 open() "/usr/share/nginx/html/index/function.php" failed (2: No such file or directory), client: 20.219.132.149, server: nvlink.vip, request: "GET /index/function.php HTTP/1.1", host: "nvlink.vip"
2026/03/01 10:32:54 [error] 28#28: *634 open() "/usr/share/nginx/html/wk/index.php" failed (2: No such file or directory), client: 20.219.132.149, server: nvlink.vip, request: "GET /wk/index.php HTTP/1.1", host: "nvlink.vip"
2026/03/01 10:32:54 [error] 28#28: *634 "/usr/share/nginx/html/wp-includes/index.html" is not found (2: No such file or directory), client: 20.219.132.149, server: nvlink.vip, request: "GET /wp-includes/ HTTP/1.1", host: "nvlink.vip"
2026/03/01 10:32:54 [error] 28#28: *634 "/usr/share/nginx/html/.well-known/index.html" is not found (2: No such file or directory), client: 20.219.132.149, server: nvlink.vip, request: "GET /.well-known/ HTTP/1.1", host: "nvlink.vip"
2026/03/01 10:32:54 [error] 28#28: *634 open() "/usr/share/nginx/html/info.php" failed (2: No such file or directory), client: 20.219.132.149, server: nvlink.vip, request: "GET /info.php HTTP/1.1", host: "nvlink.vip"
2026/03/01 10:32:54 [error] 28#28: *634 "/usr/share/nginx/html/cgi-bin/index.html" is not found (2: No such file or directory), client: 20.219.132.149, server: nvlink.vip, request: "GET /cgi-bin/ HTTP/1.1", host: "nvlink.vip"
2026/03/01 10:32:54 [error] 28#28: *634 "/usr/share/nginx/html/uploads/index.html" is not found (2: No such file or directory), client: 20.219.132.149, server: nvlink.vip, request: "GET /uploads/ HTTP/1.1", host: "nvlink.vip"
2026/03/01 10:32:54 [error] 28#28: *634 "/usr/share/nginx/html/wp-admin/images/index.html" is not found (2: No such file or directory), client: 20.219.132.149, server: nvlink.vip, request: "GET /wp-admin/images/ HTTP/1.1", host: "nvlink.vip"
2026/03/01 10:32:54 [error] 28#28: *634 open() "/usr/share/nginx/html/wp-includes/Requests/src/Response/about.php" failed (2: No such file or directory), client: 20.219.132.149, server: nvlink.vip, request: "GET /wp-includes/Requests/src/Response/about.php HTTP/1.1", host: "nvlink.vip"
2026/03/01 10:32:54 [error] 28#28: *634 "/usr/share/nginx/html/wp-includes/html-api/index.html" is not found (2: No such file or directory), client: 20.219.132.149, server: nvlink.vip, request: "GET /wp-includes/html-api/ HTTP/1.1", host: "nvlink.vip"
2026/03/01 10:32:55 [error] 28#28: *634 open() "/usr/share/nginx/html/wp-content/admin.php" failed (2: No such file or directory), client: 20.219.132.149, server: nvlink.vip, request: "GET /wp-content/admin.php HTTP/1.1", host: "nvlink.vip"
2026/03/01 10:32:55 [error] 28#28: *634 open() "/usr/share/nginx/html/adminfuns.php" failed (2: No such file or directory), client: 20.219.132.149, server: nvlink.vip, request: "GET /adminfuns.php HTTP/1.1", host: "nvlink.vip"
2026/03/01 10:32:55 [error] 28#28: *634 "/usr/share/nginx/html/wp-admin/css/colors/ectoplasm/index.html" is not found (2: No such file or directory), client: 20.219.132.149, server: nvlink.vip, request: "GET /wp-admin/css/colors/ectoplasm/ HTTP/1.1", host: "nvlink.vip"
2026/03/01 10:32:55 [error] 28#28: *634 "/usr/share/nginx/html/wp-content/uploads/index.html" is not found (2: No such file or directory), client: 20.219.132.149, server: nvlink.vip, request: "GET /wp-content/uploads/ HTTP/1.1", host: "nvlink.vip"
2026/03/01 10:32:55 [error] 28#28: *634 open() "/usr/share/nginx/html/wp-content/themes/admin.php" failed (2: No such file or directory), client: 20.219.132.149, server: nvlink.vip, request: "GET /wp-content/themes/admin.php HTTP/1.1", host: "nvlink.vip"
2026/03/01 10:32:55 [error] 28#28: *634 open() "/usr/share/nginx/html/wp-content/themes/index.php" failed (2: No such file or directory), client: 20.219.132.149, server: nvlink.vip, request: "GET /wp-content/themes/index.php HTTP/1.1", host: "nvlink.vip"
2026/03/01 10:32:55 [error] 28#28: *634 open() "/usr/share/nginx/html/wp-content/plugins/index.php" failed (2: No such file or directory), client: 20.219.132.149, server: nvlink.vip, request: "GET /wp-content/plugins/index.php HTTP/1.1", host: "nvlink.vip"
2026/03/01 10:32:55 [error] 28#28: *634 "/usr/share/nginx/html/wp-includes/PHPMailer/index.html" is not found (2: No such file or directory), client: 20.219.132.149, server: nvlink.vip, request: "GET /wp-includes/PHPMailer/ HTTP/1.1", host: "nvlink.vip"
2026/03/01 10:32:56 [error] 28#28: *634 "/usr/share/nginx/html/wp-includes/images/index.html" is not found (2: No such file or directory), client: 20.219.132.149, server: nvlink.vip, request: "GET /wp-includes/images/ HTTP/1.1", host: "nvlink.vip"
2026/03/01 10:32:56 [error] 28#28: *634 "/usr/share/nginx/html/wp-content/plugins/WordPressCore/index.html" is not found (2: No such file or directory), client: 20.219.132.149, server: nvlink.vip, request: "GET /wp-content/plugins/WordPressCore/ HTTP/1.1", host: "nvlink.vip"
2026/03/01 10:33:31 [error] 28#28: *635 open() "/usr/share/nginx/html/robots.txt" failed (2: No such file or directory), client: 54.39.0.225, server: nvlink.vip, request: "GET /robots.txt HTTP/1.1", host: "nvlink.vip"
2026/03/01 10:36:40 [error] 28#28: *640 open() "/usr/share/nginx/html/ppt/training/index29.html" failed (2: No such file or directory), client: 40.77.167.254, server: nvlink.vip, request: "GET /ppt/training/index29.html HTTP/1.1", host: "nvlink.vip"
2026/03/01 10:38:32 [error] 28#28: *643 open() "/usr/share/nginx/html/stream" failed (2: No such file or directory), client: 176.97.70.37, server: nvlink.vip, request: "GET /stream?streams=btcusdt@depth HTTP/1.1", host: "fstream.binance.com"
2026/03/01 10:57:27 [error] 29#29: *653 open() "/usr/share/nginx/html/robots.txt" failed (2: No such file or directory), client: 65.109.100.157, server: nvlink.vip, request: "GET /robots.txt HTTP/1.1", host: "nvlink.vip"
2026/03/01 10:59:11 [error] 29#29: *655 open() "/usr/share/nginx/html/ws/btcusdt@bookTicker" failed (2: No such file or directory), client: 35.77.127.224, server: nvlink.vip, request: "GET /ws/btcusdt@bookTicker HTTP/1.1", host: "52.194.182.25"
2026/03/01 11:02:21 [error] 29#29: *658 open() "/usr/share/nginx/html/.git/config" failed (2: No such file or directory), client: 143.198.79.127, server: nvlink.vip, request: "GET /.git/config HTTP/1.1", host: "52.194.182.25"
2026/03/01 11:03:16 [error] 29#29: *665 open() "/usr/share/nginx/html/.env" failed (2: No such file or directory), client: 195.178.110.109, server: nvlink.vip, request: "GET /.env HTTP/1.1", host: "nvlink.vip"
2026/03/01 11:03:16 [error] 29#29: *665 open() "/usr/share/nginx/html/phpinfo" failed (2: No such file or directory), client: 195.178.110.109, server: nvlink.vip, request: "GET /phpinfo HTTP/1.1", host: "nvlink.vip"
2026/03/01 11:03:16 [error] 29#29: *665 open() "/usr/share/nginx/html/phpinfo.php" failed (2: No such file or directory), client: 195.178.110.109, server: nvlink.vip, request: "GET /phpinfo.php HTTP/1.1", host: "nvlink.vip"
2026/03/01 11:03:17 [error] 29#29: *665 open() "/usr/share/nginx/html/portal/.env" failed (2: No such file or directory), client: 195.178.110.109, server: nvlink.vip, request: "GET /portal/.env HTTP/1.1", host: "nvlink.vip"
2026/03/01 11:03:17 [error] 29#29: *665 open() "/usr/share/nginx/html/env/.env" failed (2: No such file or directory), client: 195.178.110.109, server: nvlink.vip, request: "GET /env/.env HTTP/1.1", host: "nvlink.vip"
2026/03/01 11:03:17 [error] 29#29: *665 open() "/usr/share/nginx/html/api/.env" failed (2: No such file or directory), client: 195.178.110.109, server: nvlink.vip, request: "GET /api/.env HTTP/1.1", host: "nvlink.vip"
2026/03/01 11:03:18 [error] 29#29: *666 open() "/usr/share/nginx/html/app/.env" failed (2: No such file or directory), client: 195.178.110.109, server: nvlink.vip, request: "GET /app/.env HTTP/1.1", host: "nvlink.vip"
2026/03/01 11:03:19 [error] 29#29: *667 open() "/usr/share/nginx/html/dev/.env" failed (2: No such file or directory), client: 195.178.110.109, server: nvlink.vip, request: "GET /dev/.env HTTP/1.1", host: "nvlink.vip"
2026/03/01 11:03:20 [error] 29#29: *667 open() "/usr/share/nginx/html/new/.env" failed (2: No such file or directory), client: 195.178.110.109, server: nvlink.vip, request: "GET /new/.env HTTP/1.1", host: "nvlink.vip"
2026/03/01 11:03:20 [error] 29#29: *667 open() "/usr/share/nginx/html/new/.env.local" failed (2: No such file or directory), client: 195.178.110.109, server: nvlink.vip, request: "GET /new/.env.local HTTP/1.1", host: "nvlink.vip"
2026/03/01 11:03:21 [error] 29#29: *668 open() "/usr/share/nginx/html/new/.env.production" failed (2: No such file or directory), client: 195.178.110.109, server: nvlink.vip, request: "GET /new/.env.production HTTP/1.1", host: "nvlink.vip"
2026/03/01 11:03:21 [error] 29#29: *668 open() "/usr/share/nginx/html/new/.env.staging" failed (2: No such file or directory), client: 195.178.110.109, server: nvlink.vip, request: "GET /new/.env.staging HTTP/1.1", host: "nvlink.vip"
2026/03/01 11:03:21 [error] 29#29: *668 open() "/usr/share/nginx/html/_phpinfo.php" failed (2: No such file or directory), client: 195.178.110.109, server: nvlink.vip, request: "GET /_phpinfo.php HTTP/1.1", host: "nvlink.vip"
2026/03/01 11:03:22 [error] 29#29: *668 open() "/usr/share/nginx/html/_profiler/phpinfo" failed (2: No such file or directory), client: 195.178.110.109, server: nvlink.vip, request: "GET /_profiler/phpinfo HTTP/1.1", host: "nvlink.vip"
2026/03/01 11:03:22 [error] 29#29: *668 open() "/usr/share/nginx/html/_profiler/phpinfo/info.php" failed (2: No such file or directory), client: 195.178.110.109, server: nvlink.vip, request: "GET /_profiler/phpinfo/info.php HTTP/1.1", host: "nvlink.vip"
2026/03/01 11:03:22 [error] 29#29: *668 open() "/usr/share/nginx/html/_profiler/phpinfo/phpinfo.php" failed (2: No such file or directory), client: 195.178.110.109, server: nvlink.vip, request: "GET /_profiler/phpinfo/phpinfo.php HTTP/1.1", host: "nvlink.vip"
2026/03/01 11:03:23 [error] 29#29: *668 open() "/usr/share/nginx/html/wp-config" failed (2: No such file or directory), client: 195.178.110.109, server: nvlink.vip, request: "GET /wp-config HTTP/1.1", host: "nvlink.vip"
2026/03/01 11:03:23 [error] 29#29: *668 open() "/usr/share/nginx/html/aws-secret.yaml" failed (2: No such file or directory), client: 195.178.110.109, server: nvlink.vip, request: "GET /aws-secret.yaml HTTP/1.1", host: "nvlink.vip"
2026/03/01 11:03:23 [error] 29#29: *668 open() "/usr/share/nginx/html/awstats/.env" failed (2: No such file or directory), client: 195.178.110.109, server: nvlink.vip, request: "GET /awstats/.env HTTP/1.1", host: "nvlink.vip"
2026/03/01 11:03:23 [error] 29#29: *668 open() "/usr/share/nginx/html/conf/.env" failed (2: No such file or directory), client: 195.178.110.109, server: nvlink.vip, request: "GET /conf/.env HTTP/1.1", host: "nvlink.vip"
2026/03/01 11:03:24 [error] 29#29: *668 open() "/usr/share/nginx/html/cron/.env" failed (2: No such file or directory), client: 195.178.110.109, server: nvlink.vip, request: "GET /cron/.env HTTP/1.1", host: "nvlink.vip"
2026/03/01 11:03:24 [error] 29#29: *668 open() "/usr/share/nginx/html/www/.env" failed (2: No such file or directory), client: 195.178.110.109, server: nvlink.vip, request: "GET /www/.env HTTP/1.1", host: "nvlink.vip"
2026/03/01 11:03:25 [error] 28#28: *669 open() "/usr/share/nginx/html/docker/.env" failed (2: No such file or directory), client: 195.178.110.109, server: nvlink.vip, request: "GET /docker/.env HTTP/1.1", host: "nvlink.vip"
2026/03/01 11:03:25 [error] 28#28: *669 open() "/usr/share/nginx/html/docker/app/.env" failed (2: No such file or directory), client: 195.178.110.109, server: nvlink.vip, request: "GET /docker/app/.env HTTP/1.1", host: "nvlink.vip"
2026/03/01 11:03:25 [error] 28#28: *669 open() "/usr/share/nginx/html/env.backup" failed (2: No such file or directory), client: 195.178.110.109, server: nvlink.vip, request: "GET /env.backup HTTP/1.1", host: "nvlink.vip"
2026/03/01 11:03:26 [error] 28#28: *669 open() "/usr/share/nginx/html/xampp/phpinfo.php" failed (2: No such file or directory), client: 195.178.110.109, server: nvlink.vip, request: "GET /xampp/phpinfo.php HTTP/1.1", host: "nvlink.vip"
2026/03/01 11:03:26 [error] 28#28: *669 open() "/usr/share/nginx/html/lara/info.php" failed (2: No such file or directory), client: 195.178.110.109, server: nvlink.vip, request: "GET /lara/info.php HTTP/1.1", host: "nvlink.vip"
2026/03/01 11:03:26 [error] 28#28: *669 open() "/usr/share/nginx/html/lara/phpinfo.php" failed (2: No such file or directory), client: 195.178.110.109, server: nvlink.vip, request: "GET /lara/phpinfo.php HTTP/1.1", host: "nvlink.vip"
2026/03/01 11:03:27 [error] 28#28: *669 open() "/usr/share/nginx/html/laravel/info.php" failed (2: No such file or directory), client: 195.178.110.109, server: nvlink.vip, request: "GET /laravel/info.php HTTP/1.1", host: "nvlink.vip"
2026/03/01 11:03:27 [error] 28#28: *669 open() "/usr/share/nginx/html/.vscode/.env" failed (2: No such file or directory), client: 195.178.110.109, server: nvlink.vip, request: "GET /.vscode/.env HTTP/1.1", host: "nvlink.vip"
2026/03/01 11:03:27 [error] 28#28: *669 open() "/usr/share/nginx/html/js/.env" failed (2: No such file or directory), client: 195.178.110.109, server: nvlink.vip, request: "GET /js/.env HTTP/1.1", host: "nvlink.vip"
2026/03/01 11:03:27 [error] 28#28: *669 open() "/usr/share/nginx/html/laravel/.env" failed (2: No such file or directory), client: 195.178.110.109, server: nvlink.vip, request: "GET /laravel/.env HTTP/1.1", host: "nvlink.vip"
2026/03/01 11:03:28 [error] 28#28: *670 open() "/usr/share/nginx/html/laravel/core/.env" failed (2: No such file or directory), client: 195.178.110.109, server: nvlink.vip, request: "GET /laravel/core/.env HTTP/1.1", host: "nvlink.vip"
2026/03/01 11:03:29 [error] 28#28: *671 open() "/usr/share/nginx/html/mail/.env" failed (2: No such file or directory), client: 195.178.110.109, server: nvlink.vip, request: "GET /mail/.env HTTP/1.1", host: "nvlink.vip"
2026/03/01 11:03:29 [error] 28#28: *671 open() "/usr/share/nginx/html/mailer/.env" failed (2: No such file or directory), client: 195.178.110.109, server: nvlink.vip, request: "GET /mailer/.env HTTP/1.1", host: "nvlink.vip"
2026/03/01 11:03:30 [error] 28#28: *671 open() "/usr/share/nginx/html/nginx/.env" failed (2: No such file or directory), client: 195.178.110.109, server: nvlink.vip, request: "GET /nginx/.env HTTP/1.1", host: "nvlink.vip"
2026/03/01 11:03:31 [error] 28#28: *672 open() "/usr/share/nginx/html/public/.env" failed (2: No such file or directory), client: 195.178.110.109, server: nvlink.vip, request: "GET /public/.env HTTP/1.1", host: "nvlink.vip"
2026/03/01 11:03:31 [error] 28#28: *672 open() "/usr/share/nginx/html/site/.env" failed (2: No such file or directory), client: 195.178.110.109, server: nvlink.vip, request: "GET /site/.env HTTP/1.1", host: "nvlink.vip"
2026/03/01 11:03:31 [error] 28#28: *672 open() "/usr/share/nginx/html/xampp/.env" failed (2: No such file or directory), client: 195.178.110.109, server: nvlink.vip, request: "GET /xampp/.env HTTP/1.1", host: "nvlink.vip"
2026/03/01 11:03:31 [error] 28#28: *672 open() "/usr/share/nginx/html/main/.env" failed (2: No such file or directory), client: 195.178.110.109, server: nvlink.vip, request: "GET /main/.env HTTP/1.1", host: "nvlink.vip"
2026/03/01 11:03:32 [error] 28#28: *672 open() "/usr/share/nginx/html/node_modules/.env" failed (2: No such file or directory), client: 195.178.110.109, server: nvlink.vip, request: "GET /node_modules/.env HTTP/1.1", host: "nvlink.vip"
2026/03/01 11:03:32 [error] 28#28: *672 open() "/usr/share/nginx/html/kyc/.env" failed (2: No such file or directory), client: 195.178.110.109, server: nvlink.vip, request: "GET /kyc/.env HTTP/1.1", host: "nvlink.vip"
2026/03/01 11:03:32 [error] 28#28: *672 open() "/usr/share/nginx/html/admin/.env" failed (2: No such file or directory), client: 195.178.110.109, server: nvlink.vip, request: "GET /admin/.env HTTP/1.1", host: "nvlink.vip"
2026/03/01 11:03:33 [error] 28#28: *672 open() "/usr/share/nginx/html/prod/.env" failed (2: No such file or directory), client: 195.178.110.109, server: nvlink.vip, request: "GET /prod/.env HTTP/1.1", host: "nvlink.vip"
2026/03/01 11:03:33 [error] 28#28: *672 open() "/usr/share/nginx/html/.env.bak" failed (2: No such file or directory), client: 195.178.110.109, server: nvlink.vip, request: "GET /.env.bak HTTP/1.1", host: "nvlink.vip"
2026/03/01 11:03:33 [error] 28#28: *672 open() "/usr/share/nginx/html/api/shared/config/config.env" failed (2: No such file or directory), client: 195.178.110.109, server: nvlink.vip, request: "GET /api/shared/config/config.env HTTP/1.1", host: "nvlink.vip"
2026/03/01 11:03:34 [error] 28#28: *672 open() "/usr/share/nginx/html/api/shared/config.env" failed (2: No such file or directory), client: 195.178.110.109, server: nvlink.vip, request: "GET /api/shared/config.env HTTP/1.1", host: "nvlink.vip"
2026/03/01 11:03:34 [error] 28#28: *672 open() "/usr/share/nginx/html/config.env" failed (2: No such file or directory), client: 195.178.110.109, server: nvlink.vip, request: "GET /config.env HTTP/1.1", host: "nvlink.vip"
2026/03/01 11:03:34 [error] 28#28: *672 open() "/usr/share/nginx/html/website/.env" failed (2: No such file or directory), client: 195.178.110.109, server: nvlink.vip, request: "GET /website/.env HTTP/1.1", host: "nvlink.vip"
2026/03/01 11:03:34 [error] 28#28: *672 open() "/usr/share/nginx/html/development/.env" failed (2: No such file or directory), client: 195.178.110.109, server: nvlink.vip, request: "GET /development/.env HTTP/1.1", host: "nvlink.vip"
2026/03/01 11:03:35 [error] 28#28: *672 open() "/usr/share/nginx/html/backend/.env" failed (2: No such file or directory), client: 195.178.110.109, server: nvlink.vip, request: "GET /backend/.env HTTP/1.1", host: "nvlink.vip"
2026/03/01 11:03:35 [error] 28#28: *672 open() "/usr/share/nginx/html/api/shared/config/.env" failed (2: No such file or directory), client: 195.178.110.109, server: nvlink.vip, request: "GET /api/shared/config/.env HTTP/1.1", host: "nvlink.vip"
2026/03/01 11:03:35 [error] 28#28: *672 open() "/usr/share/nginx/html/api/shared/.env" failed (2: No such file or directory), client: 195.178.110.109, server: nvlink.vip, request: "GET /api/shared/.env HTTP/1.1", host: "nvlink.vip"
2026/03/01 11:03:36 [error] 28#28: *672 open() "/usr/share/nginx/html/api/config.env" failed (2: No such file or directory), client: 195.178.110.109, server: nvlink.vip, request: "GET /api/config.env HTTP/1.1", host: "nvlink.vip"
2026/03/01 11:03:36 [error] 28#28: *672 open() "/usr/share/nginx/html/service/email_service.py" failed (2: No such file or directory), client: 195.178.110.109, server: nvlink.vip, request: "GET /service/email_service.py HTTP/1.1", host: "nvlink.vip"
2026/03/01 11:03:36 [error] 28#28: *672 open() "/usr/share/nginx/html/node/.env_example" failed (2: No such file or directory), client: 195.178.110.109, server: nvlink.vip, request: "GET /node/.env_example HTTP/1.1", host: "nvlink.vip"
2026/03/01 11:03:36 [error] 28#28: *672 open() "/usr/share/nginx/html/.env.production.local" failed (2: No such file or directory), client: 195.178.110.109, server: nvlink.vip, request: "GET /.env.production.local HTTP/1.1", host: "nvlink.vip"
2026/03/01 11:03:37 [error] 28#28: *672 open() "/usr/share/nginx/html/.env.local" failed (2: No such file or directory), client: 195.178.110.109, server: nvlink.vip, request: "GET /.env.local HTTP/1.1", host: "nvlink.vip"
2026/03/01 11:03:37 [error] 28#28: *672 open() "/usr/share/nginx/html/.env.example" failed (2: No such file or directory), client: 195.178.110.109, server: nvlink.vip, request: "GET /.env.example HTTP/1.1", host: "nvlink.vip"
2026/03/01 11:03:37 [error] 28#28: *672 open() "/usr/share/nginx/html/.env.stage" failed (2: No such file or directory), client: 195.178.110.109, server: nvlink.vip, request: "GET /.env.stage HTTP/1.1", host: "nvlink.vip"
2026/03/01 11:03:38 [error] 28#28: *672 open() "/usr/share/nginx/html/server/config/database.js" failed (2: No such file or directory), client: 195.178.110.109, server: nvlink.vip, request: "GET /server/config/database.js HTTP/1.1", host: "nvlink.vip"
2026/03/01 11:03:38 [error] 28#28: *674 open() "/usr/share/nginx/html/wp-content/plugins/hellopress/wp_filemanager.php" failed (2: No such file or directory), client: 20.151.2.242, server: nvlink.vip, request: "GET /wp-content/plugins/hellopress/wp_filemanager.php HTTP/1.1", host: "nvlink.vip"
2026/03/01 11:03:38 [error] 28#28: *672 open() "/usr/share/nginx/html/.env.old" failed (2: No such file or directory), client: 195.178.110.109, server: nvlink.vip, request: "GET /.env.old HTTP/1.1", host: "nvlink.vip"
2026/03/01 11:03:38 [error] 28#28: *674 open() "/usr/share/nginx/html/god.php" failed (2: No such file or directory), client: 20.151.2.242, server: nvlink.vip, request: "GET /god.php HTTP/1.1", host: "nvlink.vip"
2026/03/01 11:03:38 [error] 28#28: *672 open() "/usr/share/nginx/html/.env_sample" failed (2: No such file or directory), client: 195.178.110.109, server: nvlink.vip, request: "GET /.env_sample HTTP/1.1", host: "nvlink.vip"
2026/03/01 11:03:38 [error] 28#28: *674 open() "/usr/share/nginx/html/bs4.PhP7" failed (2: No such file or directory), client: 20.151.2.242, server: nvlink.vip, request: "GET /bs4.PhP7 HTTP/1.1", host: "nvlink.vip"
2026/03/01 11:03:39 [error] 28#28: *674 open() "/usr/share/nginx/html/ff1.php" failed (2: No such file or directory), client: 20.151.2.242, server: nvlink.vip, request: "GET /ff1.php HTTP/1.1", host: "nvlink.vip"
2026/03/01 11:03:40 [error] 28#28: *675 open() "/usr/share/nginx/html/scripts/nodemailer.js" failed (2: No such file or directory), client: 195.178.110.109, server: nvlink.vip, request: "GET /scripts/nodemailer.js HTTP/1.1", host: "nvlink.vip"
2026/03/01 11:03:40 [error] 28#28: *674 open() "/usr/share/nginx/html/we.php" failed (2: No such file or directory), client: 20.151.2.242, server: nvlink.vip, request: "GET /we.php HTTP/1.1", host: "nvlink.vip"
2026/03/01 11:03:40 [error] 28#28: *675 open() "/usr/share/nginx/html/.env.prod" failed (2: No such file or directory), client: 195.178.110.109, server: nvlink.vip, request: "GET /.env.prod HTTP/1.1", host: "nvlink.vip"
2026/03/01 11:03:40 [error] 28#28: *674 open() "/usr/share/nginx/html/acp.php" failed (2: No such file or directory), client: 20.151.2.242, server: nvlink.vip, request: "GET /acp.php?p= HTTP/1.1", host: "nvlink.vip"
2026/03/01 11:03:40 [error] 28#28: *675 open() "/usr/share/nginx/html/crm/.env" failed (2: No such file or directory), client: 195.178.110.109, server: nvlink.vip, request: "GET /crm/.env HTTP/1.1", host: "nvlink.vip"
2026/03/01 11:03:41 [error] 28#28: *674 open() "/usr/share/nginx/html/pass4.php" failed (2: No such file or directory), client: 20.151.2.242, server: nvlink.vip, request: "GET /pass4.php HTTP/1.1", host: "nvlink.vip"
2026/03/01 11:03:41 [error] 28#28: *675 open() "/usr/share/nginx/html/local/.env" failed (2: No such file or directory), client: 195.178.110.109, server: nvlink.vip, request: "GET /local/.env HTTP/1.1", host: "nvlink.vip"
2026/03/01 11:03:41 [error] 28#28: *674 open() "/usr/share/nginx/html/h.php" failed (2: No such file or directory), client: 20.151.2.242, server: nvlink.vip, request: "GET //h.php HTTP/1.1", host: "nvlink.vip"
2026/03/01 11:03:41 [error] 28#28: *675 open() "/usr/share/nginx/html/core/.env" failed (2: No such file or directory), client: 195.178.110.109, server: nvlink.vip, request: "GET /core/.env HTTP/1.1", host: "nvlink.vip"
2026/03/01 11:03:41 [error] 28#28: *674 open() "/usr/share/nginx/html/sys.php" failed (2: No such file or directory), client: 20.151.2.242, server: nvlink.vip, request: "GET //sys.php HTTP/1.1", host: "nvlink.vip"
2026/03/01 11:03:41 [error] 28#28: *675 open() "/usr/share/nginx/html/apps/.env" failed (2: No such file or directory), client: 195.178.110.109, server: nvlink.vip, request: "GET /apps/.env HTTP/1.1", host: "nvlink.vip"
2026/03/01 11:03:42 [error] 28#28: *674 open() "/usr/share/nginx/html/edit.php" failed (2: No such file or directory), client: 20.151.2.242, server: nvlink.vip, request: "GET //edit.php HTTP/1.1", host: "nvlink.vip"
2026/03/01 11:03:42 [error] 28#28: *675 open() "/usr/share/nginx/html/application/.env" failed (2: No such file or directory), client: 195.178.110.109, server: nvlink.vip, request: "GET /application/.env HTTP/1.1", host: "nvlink.vip"
2026/03/01 11:03:42 [error] 28#28: *674 open() "/usr/share/nginx/html/txets.php" failed (2: No such file or directory), client: 20.151.2.242, server: nvlink.vip, request: "GET /txets.php HTTP/1.1", host: "nvlink.vip"
2026/03/01 11:03:42 [error] 28#28: *675 open() "/usr/share/nginx/html/web/.env" failed (2: No such file or directory), client: 195.178.110.109, server: nvlink.vip, request: "GET /web/.env HTTP/1.1", host: "nvlink.vip"
2026/03/01 11:03:42 [error] 28#28: *674 open() "/usr/share/nginx/html/tt.php" failed (2: No such file or directory), client: 20.151.2.242, server: nvlink.vip, request: "GET /tt.php HTTP/1.1", host: "nvlink.vip"
2026/03/01 11:03:42 [error] 28#28: *675 open() "/usr/share/nginx/html/.aws/credentials" failed (2: No such file or directory), client: 195.178.110.109, server: nvlink.vip, request: "GET /.aws/credentials HTTP/1.1", host: "nvlink.vip"
2026/03/01 11:03:42 [error] 28#28: *674 open() "/usr/share/nginx/html/path.php" failed (2: No such file or directory), client: 20.151.2.242, server: nvlink.vip, request: "GET /path.php HTTP/1.1", host: "nvlink.vip"
2026/03/01 11:03:43 [error] 28#28: *674 open() "/usr/share/nginx/html/wdf.php" failed (2: No such file or directory), client: 20.151.2.242, server: nvlink.vip, request: "GET /wdf.php HTTP/1.1", host: "nvlink.vip"
2026/03/01 11:03:43 [error] 28#28: *674 open() "/usr/share/nginx/html/fleen.php" failed (2: No such file or directory), client: 20.151.2.242, server: nvlink.vip, request: "GET /fleen.php HTTP/1.1", host: "nvlink.vip"
2026/03/01 11:03:43 [error] 28#28: *676 open() "/usr/share/nginx/html/wp-config.php.bak" failed (2: No such file or directory), client: 195.178.110.109, server: nvlink.vip, request: "GET /wp-config.php.bak HTTP/1.1", host: "nvlink.vip"
2026/03/01 11:03:43 [error] 28#28: *674 open() "/usr/share/nginx/html/wp-tem.php" failed (2: No such file or directory), client: 20.151.2.242, server: nvlink.vip, request: "GET /wp-tem.php HTTP/1.1", host: "nvlink.vip"
2026/03/01 11:03:43 [error] 28#28: *676 open() "/usr/share/nginx/html/info.php" failed (2: No such file or directory), client: 195.178.110.109, server: nvlink.vip, request: "GET /info.php HTTP/1.1", host: "nvlink.vip"
2026/03/01 11:03:44 [error] 28#28: *676 open() "/usr/share/nginx/html/dashboard/phpinfo.php" failed (2: No such file or directory), client: 195.178.110.109, server: nvlink.vip, request: "GET /dashboard/phpinfo.php HTTP/1.1", host: "nvlink.vip"
2026/03/01 11:03:44 [error] 28#28: *674 open() "/usr/share/nginx/html/av6m.php" failed (2: No such file or directory), client: 20.151.2.242, server: nvlink.vip, request: "GET /av6m.php HTTP/1.1", host: "nvlink.vip"
2026/03/01 11:03:45 [error] 28#28: *677 open() "/usr/share/nginx/html/static/js/main.141b0494.js" failed (2: No such file or directory), client: 195.178.110.109, server: nvlink.vip, request: "GET /static/js/main.141b0494.js HTTP/1.1", host: "nvlink.vip"
2026/03/01 11:03:45 [error] 28#28: *677 open() "/usr/share/nginx/html/static/js/2.ca066a4b.chunk.js" failed (2: No such file or directory), client: 195.178.110.109, server: nvlink.vip, request: "GET /static/js/2.ca066a4b.chunk.js HTTP/1.1", host: "nvlink.vip"
2026/03/01 11:03:45 [error] 28#28: *674 open() "/usr/share/nginx/html/autogooey.php" failed (2: No such file or directory), client: 20.151.2.242, server: nvlink.vip, request: "GET /autogooey.php HTTP/1.1", host: "nvlink.vip"
2026/03/01 11:03:45 [error] 28#28: *677 open() "/usr/share/nginx/html/static/js/main.e85f7a37.js" failed (2: No such file or directory), client: 195.178.110.109, server: nvlink.vip, request: "GET /static/js/main.e85f7a37.js HTTP/1.1", host: "nvlink.vip"
2026/03/01 11:03:45 [error] 28#28: *674 open() "/usr/share/nginx/html/btx25.php" failed (2: No such file or directory), client: 20.151.2.242, server: nvlink.vip, request: "GET /btx25.php HTTP/1.1", host: "nvlink.vip"
2026/03/01 11:03:46 [error] 28#28: *677 open() "/usr/share/nginx/html/admin/server_info.php" failed (2: No such file or directory), client: 195.178.110.109, server: nvlink.vip, request: "GET /admin/server_info.php HTTP/1.1", host: "nvlink.vip"
2026/03/01 11:03:46 [error] 28#28: *674 open() "/usr/share/nginx/html/mga.php" failed (2: No such file or directory), client: 20.151.2.242, server: nvlink.vip, request: "GET /mga.php HTTP/1.1", host: "nvlink.vip"
2026/03/01 11:03:46 [error] 28#28: *677 open() "/usr/share/nginx/html/server_info.php" failed (2: No such file or directory), client: 195.178.110.109, server: nvlink.vip, request: "GET /server_info.php HTTP/1.1", host: "nvlink.vip"
2026/03/01 11:03:46 [error] 28#28: *674 open() "/usr/share/nginx/html/maxro.php" failed (2: No such file or directory), client: 20.151.2.242, server: nvlink.vip, request: "GET /maxro.php HTTP/1.1", host: "nvlink.vip"
2026/03/01 11:03:46 [error] 28#28: *677 open() "/usr/share/nginx/html/app_dev.php/_profiler/phpinfo" failed (2: No such file or directory), client: 195.178.110.109, server: nvlink.vip, request: "GET /app_dev.php/_profiler/phpinfo HTTP/1.1", host: "nvlink.vip"
2026/03/01 11:03:46 [error] 28#28: *674 open() "/usr/share/nginx/html/agg.php" failed (2: No such file or directory), client: 20.151.2.242, server: nvlink.vip, request: "GET /agg.php HTTP/1.1", host: "nvlink.vip"
2026/03/01 11:03:46 [error] 28#28: *677 open() "/usr/share/nginx/html/test.php" failed (2: No such file or directory), client: 195.178.110.109, server: nvlink.vip, request: "GET /test.php HTTP/1.1", host: "nvlink.vip"
2026/03/01 11:03:47 [error] 28#28: *674 open() "/usr/share/nginx/html/wsvvs.php" failed (2: No such file or directory), client: 20.151.2.242, server: nvlink.vip, request: "GET /wsvvs.php HTTP/1.1", host: "nvlink.vip"
2026/03/01 11:03:47 [error] 28#28: *677 open() "/usr/share/nginx/html/server-info" failed (2: No such file or directory), client: 195.178.110.109, server: nvlink.vip, request: "GET /server-info HTTP/1.1", host: "nvlink.vip"
2026/03/01 11:03:47 [error] 28#28: *674 open() "/usr/share/nginx/html/C1.php" failed (2: No such file or directory), client: 20.151.2.242, server: nvlink.vip, request: "GET /C1.php HTTP/1.1", host: "nvlink.vip"
2026/03/01 11:03:47 [error] 28#28: *677 open() "/usr/share/nginx/html/server-info.php" failed (2: No such file or directory), client: 195.178.110.109, server: nvlink.vip, request: "GET /server-info.php HTTP/1.1", host: "nvlink.vip"
2026/03/01 11:03:47 [error] 28#28: *677 open() "/usr/share/nginx/html/secured/phpinfo.php" failed (2: No such file or directory), client: 195.178.110.109, server: nvlink.vip, request: "GET /secured/phpinfo.php HTTP/1.1", host: "nvlink.vip"
2026/03/01 11:03:47 [error] 28#28: *674 open() "/usr/share/nginx/html/gi.php" failed (2: No such file or directory), client: 20.151.2.242, server: nvlink.vip, request: "GET /gi.php HTTP/1.1", host: "nvlink.vip"
2026/03/01 11:03:48 [error] 28#28: *674 open() "/usr/share/nginx/html/jga.php" failed (2: No such file or directory), client: 20.151.2.242, server: nvlink.vip, request: "GET /jga.php HTTP/1.1", host: "nvlink.vip"
2026/03/01 11:03:48 [error] 28#28: *677 open() "/usr/share/nginx/html/config.js" failed (2: No such file or directory), client: 195.178.110.109, server: nvlink.vip, request: "GET /config.js HTTP/1.1", host: "nvlink.vip"
2026/03/01 11:03:48 [error] 28#28: *677 open() "/usr/share/nginx/html/server.js" failed (2: No such file or directory), client: 195.178.110.109, server: nvlink.vip, request: "GET /server.js HTTP/1.1", host: "nvlink.vip"
2026/03/01 11:03:48 [error] 28#28: *677 open() "/usr/share/nginx/html/appsettings.json" failed (2: No such file or directory), client: 195.178.110.109, server: nvlink.vip, request: "GET /appsettings.json HTTP/1.1", host: "nvlink.vip"
2026/03/01 11:03:48 [error] 28#28: *674 open() "/usr/share/nginx/html/tkllu.php" failed (2: No such file or directory), client: 20.151.2.242, server: nvlink.vip, request: "GET /tkllu.php HTTP/1.1", host: "nvlink.vip"
2026/03/01 11:03:49 [error] 28#28: *677 open() "/usr/share/nginx/html/shared/config/config.js" failed (2: No such file or directory), client: 195.178.110.109, server: nvlink.vip, request: "GET /shared/config/config.js HTTP/1.1", host: "nvlink.vip"
2026/03/01 11:03:49 [error] 28#28: *674 open() "/usr/share/nginx/html/fetch.php" failed (2: No such file or directory), client: 20.151.2.242, server: nvlink.vip, request: "GET /fetch.php HTTP/1.1", host: "nvlink.vip"
2026/03/01 11:03:49 [error] 28#28: *677 open() "/usr/share/nginx/html/config/aws.yml" failed (2: No such file or directory), client: 195.178.110.109, server: nvlink.vip, request: "GET /config/aws.yml HTTP/1.1", host: "nvlink.vip"
2026/03/01 11:03:49 [error] 28#28: *674 open() "/usr/share/nginx/html/inputs.php" failed (2: No such file or directory), client: 20.151.2.242, server: nvlink.vip, request: "GET /inputs.php HTTP/1.1", host: "nvlink.vip"
2026/03/01 11:03:49 [error] 28#28: *677 open() "/usr/share/nginx/html/settings.py" failed (2: No such file or directory), client: 195.178.110.109, server: nvlink.vip, request: "GET /settings.py HTTP/1.1", host: "nvlink.vip"
2026/03/01 11:03:49 [error] 28#28: *677 open() "/usr/share/nginx/html/config.json" failed (2: No such file or directory), client: 195.178.110.109, server: nvlink.vip, request: "GET /config.json HTTP/1.1", host: "nvlink.vip"
2026/03/01 11:03:49 [error] 28#28: *674 open() "/usr/share/nginx/html/wp-the.php" failed (2: No such file or directory), client: 20.151.2.242, server: nvlink.vip, request: "GET /wp-the.php HTTP/1.1", host: "nvlink.vip"
2026/03/01 11:03:50 [error] 28#28: *677 open() "/usr/share/nginx/html/main.js" failed (2: No such file or directory), client: 195.178.110.109, server: nvlink.vip, request: "GET /main.js HTTP/1.1", host: "nvlink.vip"
2026/03/01 11:03:50 [error] 28#28: *674 open() "/usr/share/nginx/html/f.PhP7" failed (2: No such file or directory), client: 20.151.2.242, server: nvlink.vip, request: "GET /f.PhP7 HTTP/1.1", host: "nvlink.vip"
2026/03/01 11:03:50 [error] 28#28: *677 open() "/usr/share/nginx/html/config/constants.js" failed (2: No such file or directory), client: 195.178.110.109, server: nvlink.vip, request: "GET /config/constants.js HTTP/1.1", host: "nvlink.vip"
2026/03/01 11:03:50 [error] 28#28: *677 open() "/usr/share/nginx/html/application.properties" failed (2: No such file or directory), client: 195.178.110.109, server: nvlink.vip, request: "GET /application.properties HTTP/1.1", host: "nvlink.vip"
2026/03/01 11:03:51 [error] 28#28: *677 open() "/usr/share/nginx/html/public/js/main.js" failed (2: No such file or directory), client: 195.178.110.109, server: nvlink.vip, request: "GET /public/js/main.js HTTP/1.1", host: "nvlink.vip"
2026/03/01 11:03:51 [error] 28#28: *674 open() "/usr/share/nginx/html/f6.php" failed (2: No such file or directory), client: 20.151.2.242, server: nvlink.vip, request: "GET /f6.php HTTP/1.1", host: "nvlink.vip"
2026/03/01 11:03:51 [error] 28#28: *677 open() "/usr/share/nginx/html/js/main.js" failed (2: No such file or directory), client: 195.178.110.109, server: nvlink.vip, request: "GET /js/main.js HTTP/1.1", host: "nvlink.vip"
2026/03/01 11:03:51 [error] 28#28: *674 open() "/usr/share/nginx/html/ayk.php" failed (2: No such file or directory), client: 20.151.2.242, server: nvlink.vip, request: "GET /ayk.php HTTP/1.1", host: "nvlink.vip"
2026/03/01 11:03:51 [error] 28#28: *674 open() "/usr/share/nginx/html/pp.php" failed (2: No such file or directory), client: 20.151.2.242, server: nvlink.vip, request: "GET /pp.php HTTP/1.1", host: "nvlink.vip"
2026/03/01 11:03:52 [error] 28#28: *674 open() "/usr/share/nginx/html/trx24.php" failed (2: No such file or directory), client: 20.151.2.242, server: nvlink.vip, request: "GET /trx24.php HTTP/1.1", host: "nvlink.vip"
2026/03/01 11:03:52 [error] 28#28: *674 open() "/usr/share/nginx/html/ah25.php" failed (2: No such file or directory), client: 20.151.2.242, server: nvlink.vip, request: "GET /ah25.php HTTP/1.1", host: "nvlink.vip"
2026/03/01 11:03:53 [error] 28#28: *674 open() "/usr/share/nginx/html/advanc.php" failed (2: No such file or directory), client: 20.151.2.242, server: nvlink.vip, request: "GET /advanc.php HTTP/1.1", host: "nvlink.vip"
2026/03/01 11:03:53 [error] 28#28: *678 open() "/usr/share/nginx/html/storage/logs/laravel.log" failed (2: No such file or directory), client: 195.178.110.109, server: nvlink.vip, request: "GET /storage/logs/laravel.log HTTP/1.1", host: "nvlink.vip"
2026/03/01 11:03:53 [error] 28#28: *678 open() "/usr/share/nginx/html/karma.conf.json" failed (2: No such file or directory), client: 195.178.110.109, server: nvlink.vip, request: "GET /karma.conf.json HTTP/1.1", host: "nvlink.vip"
2026/03/01 11:03:53 [error] 28#28: *674 open() "/usr/share/nginx/html/bgymj.php" failed (2: No such file or directory), client: 20.151.2.242, server: nvlink.vip, request: "GET /bgymj.php HTTP/1.1", host: "nvlink.vip"
2026/03/01 11:03:53 [error] 28#28: *678 open() "/usr/share/nginx/html/swagger.json" failed (2: No such file or directory), client: 195.178.110.109, server: nvlink.vip, request: "GET /swagger.json HTTP/1.1", host: "nvlink.vip"
2026/03/01 11:03:53 [error] 28#28: *678 open() "/usr/share/nginx/html/swagger.js" failed (2: No such file or directory), client: 195.178.110.109, server: nvlink.vip, request: "GET /swagger.js HTTP/1.1", host: "nvlink.vip"
2026/03/01 11:03:53 [error] 28#28: *674 open() "/usr/share/nginx/html/ftyude.php" failed (2: No such file or directory), client: 20.151.2.242, server: nvlink.vip, request: "GET /ftyude.php HTTP/1.1", host: "nvlink.vip"
2026/03/01 11:03:54 [error] 28#28: *678 open() "/usr/share/nginx/html/gatsby-config.js" failed (2: No such file or directory), client: 195.178.110.109, server: nvlink.vip, request: "GET /gatsby-config.js HTTP/1.1", host: "nvlink.vip"
2026/03/01 11:03:54 [error] 28#28: *674 open() "/usr/share/nginx/html/xy.php" failed (2: No such file or directory), client: 20.151.2.242, server: nvlink.vip, request: "GET /xy.php HTTP/1.1", host: "nvlink.vip"
2026/03/01 11:03:54 [error] 28#28: *674 open() "/usr/share/nginx/html/tox.php" failed (2: No such file or directory), client: 20.151.2.242, server: nvlink.vip, request: "GET /tox.php HTTP/1.1", host: "nvlink.vip"
2026/03/01 11:03:55 [error] 28#28: *674 open() "/usr/share/nginx/html/vgtyu.php" failed (2: No such file or directory), client: 20.151.2.242, server: nvlink.vip, request: "GET /vgtyu.php HTTP/1.1", host: "nvlink.vip"
2026/03/01 11:03:55 [error] 28#28: *679 open() "/usr/share/nginx/html/backend/config/default.yml" failed (2: No such file or directory), client: 195.178.110.109, server: nvlink.vip, request: "GET /backend/config/default.yml HTTP/1.1", host: "nvlink.vip"
2026/03/01 11:03:55 [error] 28#28: *674 open() "/usr/share/nginx/html/sxdfrt.php" failed (2: No such file or directory), client: 20.151.2.242, server: nvlink.vip, request: "GET /sxdfrt.php HTTP/1.1", host: "nvlink.vip"
2026/03/01 11:03:55 [error] 28#28: *674 open() "/usr/share/nginx/html/wp-x.php" failed (2: No such file or directory), client: 20.151.2.242, server: nvlink.vip, request: "GET /wp-x.php HTTP/1.1", host: "nvlink.vip"
2026/03/01 11:03:56 [error] 28#28: *674 open() "/usr/share/nginx/html/8.php" failed (2: No such file or directory), client: 20.151.2.242, server: nvlink.vip, request: "GET /8.php HTTP/1.1", host: "nvlink.vip"
2026/03/01 11:03:56 [error] 28#28: *680 open() "/usr/share/nginx/html/app.py" failed (2: No such file or directory), client: 195.178.110.109, server: nvlink.vip, request: "GET /app.py HTTP/1.1", host: "nvlink.vip"
